Analysis & Synthesis report for MisturadorTinta
Fri Dec 01 15:45:18 2023
Quartus II 64-Bit Version 13.0.1 Build 232 06/12/2013 Service Pack 1 SJ Web Edition


---------------------
; Table of Contents ;
---------------------
  1. Legal Notice
  2. Analysis & Synthesis Summary
  3. Analysis & Synthesis Settings
  4. Parallel Compilation
  5. Analysis & Synthesis Source Files Read
  6. Analysis & Synthesis Resource Usage Summary
  7. Analysis & Synthesis Resource Utilization by Entity
  8. State Machine - |MisturadorTinta|Controladora:instance_controladora|estado
  9. Registers Removed During Synthesis
 10. General Register Statistics
 11. Parameter Settings for User Entity Instance: CaminhoDados:instance_datapath|Reg:instance_RegC
 12. Parameter Settings for User Entity Instance: CaminhoDados:instance_datapath|comparador:instance_CompC
 13. Parameter Settings for User Entity Instance: CaminhoDados:instance_datapath|Reg:instance_RegM
 14. Parameter Settings for User Entity Instance: CaminhoDados:instance_datapath|comparador:instance_CompM
 15. Parameter Settings for User Entity Instance: CaminhoDados:instance_datapath|Reg:instance_RegY
 16. Parameter Settings for User Entity Instance: CaminhoDados:instance_datapath|comparador:instance_CompY
 17. Parameter Settings for User Entity Instance: CaminhoDados:instance_datapath|Reg:instance_RegK
 18. Parameter Settings for User Entity Instance: CaminhoDados:instance_datapath|comparador:instance_CompK
 19. Parameter Settings for User Entity Instance: CaminhoDados:instance_datapath|comparador:instance_Compcor
 20. Port Connectivity Checks: "CaminhoDados:instance_datapath|comparador:instance_Compcor"
 21. Port Connectivity Checks: "CaminhoDados:instance_datapath|comparador:instance_CompK"
 22. Port Connectivity Checks: "CaminhoDados:instance_datapath|comparador:instance_CompY"
 23. Port Connectivity Checks: "CaminhoDados:instance_datapath|comparador:instance_CompM"
 24. Port Connectivity Checks: "CaminhoDados:instance_datapath|comparador:instance_CompC"
 25. Elapsed Time Per Partition
 26. Analysis & Synthesis Messages



----------------
; Legal Notice ;
----------------
Copyright (C) 1991-2013 Altera Corporation
Your use of Altera Corporation's design tools, logic functions 
and other software and tools, and its AMPP partner logic 
functions, and any output files from any of the foregoing 
(including device programming or simulation files), and any 
associated documentation or information are expressly subject 
to the terms and conditions of the Altera Program License 
Subscription Agreement, Altera MegaCore Function License 
Agreement, or other applicable license agreement, including, 
without limitation, that your use is for the sole purpose of 
programming logic devices manufactured by Altera and sold by 
Altera or its authorized distributors.  Please refer to the 
applicable agreement for further details.



+--------------------------------------------------------------------------------------+
; Analysis & Synthesis Summary                                                         ;
+------------------------------------+-------------------------------------------------+
; Analysis & Synthesis Status        ; Successful - Fri Dec 01 15:45:18 2023           ;
; Quartus II 64-Bit Version          ; 13.0.1 Build 232 06/12/2013 SP 1 SJ Web Edition ;
; Revision Name                      ; MisturadorTinta                                 ;
; Top-level Entity Name              ; MisturadorTinta                                 ;
; Family                             ; Cyclone II                                      ;
; Total logic elements               ; 157                                             ;
;     Total combinational functions  ; 125                                             ;
;     Dedicated logic registers      ; 72                                              ;
; Total registers                    ; 72                                              ;
; Total pins                         ; 122                                             ;
; Total virtual pins                 ; 0                                               ;
; Total memory bits                  ; 0                                               ;
; Embedded Multiplier 9-bit elements ; 0                                               ;
; Total PLLs                         ; 0                                               ;
+------------------------------------+-------------------------------------------------+


+----------------------------------------------------------------------------------------------------------------------+
; Analysis & Synthesis Settings                                                                                        ;
+----------------------------------------------------------------------------+--------------------+--------------------+
; Option                                                                     ; Setting            ; Default Value      ;
+----------------------------------------------------------------------------+--------------------+--------------------+
; Device                                                                     ; EP2C35F672C6       ;                    ;
; Top-level entity name                                                      ; MisturadorTinta    ; MisturadorTinta    ;
; Family name                                                                ; Cyclone II         ; Cyclone IV GX      ;
; Use smart compilation                                                      ; Off                ; Off                ;
; Enable parallel Assembler and TimeQuest Timing Analyzer during compilation ; On                 ; On                 ;
; Enable compact report table                                                ; Off                ; Off                ;
; Restructure Multiplexers                                                   ; Auto               ; Auto               ;
; Create Debugging Nodes for IP Cores                                        ; Off                ; Off                ;
; Preserve fewer node names                                                  ; On                 ; On                 ;
; Disable OpenCore Plus hardware evaluation                                  ; Off                ; Off                ;
; Verilog Version                                                            ; Verilog_2001       ; Verilog_2001       ;
; VHDL Version                                                               ; VHDL_1993          ; VHDL_1993          ;
; State Machine Processing                                                   ; Auto               ; Auto               ;
; Safe State Machine                                                         ; Off                ; Off                ;
; Extract Verilog State Machines                                             ; On                 ; On                 ;
; Extract VHDL State Machines                                                ; On                 ; On                 ;
; Ignore Verilog initial constructs                                          ; Off                ; Off                ;
; Iteration limit for constant Verilog loops                                 ; 5000               ; 5000               ;
; Iteration limit for non-constant Verilog loops                             ; 250                ; 250                ;
; Add Pass-Through Logic to Inferred RAMs                                    ; On                 ; On                 ;
; Infer RAMs from Raw Logic                                                  ; On                 ; On                 ;
; Parallel Synthesis                                                         ; On                 ; On                 ;
; DSP Block Balancing                                                        ; Auto               ; Auto               ;
; NOT Gate Push-Back                                                         ; On                 ; On                 ;
; Power-Up Don't Care                                                        ; On                 ; On                 ;
; Remove Redundant Logic Cells                                               ; Off                ; Off                ;
; Remove Duplicate Registers                                                 ; On                 ; On                 ;
; Ignore CARRY Buffers                                                       ; Off                ; Off                ;
; Ignore CASCADE Buffers                                                     ; Off                ; Off                ;
; Ignore GLOBAL Buffers                                                      ; Off                ; Off                ;
; Ignore ROW GLOBAL Buffers                                                  ; Off                ; Off                ;
; Ignore LCELL Buffers                                                       ; Off                ; Off                ;
; Ignore SOFT Buffers                                                        ; On                 ; On                 ;
; Limit AHDL Integers to 32 Bits                                             ; Off                ; Off                ;
; Optimization Technique                                                     ; Balanced           ; Balanced           ;
; Carry Chain Length                                                         ; 70                 ; 70                 ;
; Auto Carry Chains                                                          ; On                 ; On                 ;
; Auto Open-Drain Pins                                                       ; On                 ; On                 ;
; Perform WYSIWYG Primitive Resynthesis                                      ; Off                ; Off                ;
; Auto ROM Replacement                                                       ; On                 ; On                 ;
; Auto RAM Replacement                                                       ; On                 ; On                 ;
; Auto Shift Register Replacement                                            ; Auto               ; Auto               ;
; Allow Shift Register Merging across Hierarchies                            ; Auto               ; Auto               ;
; Auto Clock Enable Replacement                                              ; On                 ; On                 ;
; Strict RAM Replacement                                                     ; Off                ; Off                ;
; Allow Synchronous Control Signals                                          ; On                 ; On                 ;
; Force Use of Synchronous Clear Signals                                     ; Off                ; Off                ;
; Auto RAM to Logic Cell Conversion                                          ; Off                ; Off                ;
; Auto Resource Sharing                                                      ; Off                ; Off                ;
; Allow Any RAM Size For Recognition                                         ; Off                ; Off                ;
; Allow Any ROM Size For Recognition                                         ; Off                ; Off                ;
; Allow Any Shift Register Size For Recognition                              ; Off                ; Off                ;
; Use LogicLock Constraints during Resource Balancing                        ; On                 ; On                 ;
; Ignore translate_off and synthesis_off directives                          ; Off                ; Off                ;
; Timing-Driven Synthesis                                                    ; Off                ; Off                ;
; Report Parameter Settings                                                  ; On                 ; On                 ;
; Report Source Assignments                                                  ; On                 ; On                 ;
; Report Connectivity Checks                                                 ; On                 ; On                 ;
; Ignore Maximum Fan-Out Assignments                                         ; Off                ; Off                ;
; Synchronization Register Chain Length                                      ; 2                  ; 2                  ;
; PowerPlay Power Optimization                                               ; Normal compilation ; Normal compilation ;
; HDL message level                                                          ; Level2             ; Level2             ;
; Suppress Register Optimization Related Messages                            ; Off                ; Off                ;
; Number of Removed Registers Reported in Synthesis Report                   ; 5000               ; 5000               ;
; Number of Swept Nodes Reported in Synthesis Report                         ; 5000               ; 5000               ;
; Number of Inverted Registers Reported in Synthesis Report                  ; 100                ; 100                ;
; Clock MUX Protection                                                       ; On                 ; On                 ;
; Auto Gated Clock Conversion                                                ; Off                ; Off                ;
; Block Design Naming                                                        ; Auto               ; Auto               ;
; SDC constraint protection                                                  ; Off                ; Off                ;
; Synthesis Effort                                                           ; Auto               ; Auto               ;
; Shift Register Replacement - Allow Asynchronous Clear Signal               ; On                 ; On                 ;
; Pre-Mapping Resynthesis Optimization                                       ; Off                ; Off                ;
; Analysis & Synthesis Message Level                                         ; Medium             ; Medium             ;
; Disable Register Merging Across Hierarchies                                ; Auto               ; Auto               ;
; Resource Aware Inference For Block RAM                                     ; On                 ; On                 ;
; Synthesis Seed                                                             ; 1                  ; 1                  ;
+----------------------------------------------------------------------------+--------------------+--------------------+


Parallel compilation was disabled, but you have multiple processors available. Enable parallel compilation to reduce compilation time.
+-------------------------------------+
; Parallel Compilation                ;
+----------------------------+--------+
; Processors                 ; Number ;
+----------------------------+--------+
; Number detected on machine ; 2      ;
; Maximum allowed            ; 1      ;
+----------------------------+--------+


+-------------------------------------------------------------------------------------------------------------------------------------------------------------------------+
; Analysis & Synthesis Source Files Read                                                                                                                                  ;
+------------------------------------+-----------------+-----------------+--------------------------------------------------------------------------------------+---------+
; File Name with User-Entered Path   ; Used in Netlist ; File Type       ; File Name with Absolute Path                                                         ; Library ;
+------------------------------------+-----------------+-----------------+--------------------------------------------------------------------------------------+---------+
; ../Registrador/Reg.vhd             ; yes             ; User VHDL File  ; C:/Users/lhenr/OneDrive/Documentos/UFMG/LSD/Trabalho/Registrador/Reg.vhd             ;         ;
; ../Multiplicador/multiplicador.vhd ; yes             ; User VHDL File  ; C:/Users/lhenr/OneDrive/Documentos/UFMG/LSD/Trabalho/Multiplicador/multiplicador.vhd ;         ;
; ../Contador/contador.vhd           ; yes             ; User VHDL File  ; C:/Users/lhenr/OneDrive/Documentos/UFMG/LSD/Trabalho/Contador/contador.vhd           ;         ;
; ../CompMist/CompMist.vhd           ; yes             ; User VHDL File  ; C:/Users/lhenr/OneDrive/Documentos/UFMG/LSD/Trabalho/CompMist/CompMist.vhd           ;         ;
; ../Comparador/comparador.vhd       ; yes             ; User VHDL File  ; C:/Users/lhenr/OneDrive/Documentos/UFMG/LSD/Trabalho/Comparador/comparador.vhd       ;         ;
; ../CodValido/CodValido.vhd         ; yes             ; User VHDL File  ; C:/Users/lhenr/OneDrive/Documentos/UFMG/LSD/Trabalho/CodValido/CodValido.vhd         ;         ;
; ../Controladora/Controladora.vhd   ; yes             ; User VHDL File  ; C:/Users/lhenr/OneDrive/Documentos/UFMG/LSD/Trabalho/Controladora/Controladora.vhd   ;         ;
; ../CaminhoDados/CaminhoDados.vhd   ; yes             ; User VHDL File  ; C:/Users/lhenr/OneDrive/Documentos/UFMG/LSD/Trabalho/CaminhoDados/CaminhoDados.vhd   ;         ;
; MisturadorTinta.vhd                ; yes             ; User VHDL File  ; C:/Users/lhenr/OneDrive/Documentos/UFMG/LSD/Trabalho/Projeto/MisturadorTinta.vhd     ;         ;
+------------------------------------+-----------------+-----------------+--------------------------------------------------------------------------------------+---------+


+-----------------------------------------------------+
; Analysis & Synthesis Resource Usage Summary         ;
+---------------------------------------------+-------+
; Resource                                    ; Usage ;
+---------------------------------------------+-------+
; Estimated Total logic elements              ; 157   ;
;                                             ;       ;
; Total combinational functions               ; 125   ;
; Logic element usage by number of LUT inputs ;       ;
;     -- 4 input functions                    ; 49    ;
;     -- 3 input functions                    ; 40    ;
;     -- <=2 input functions                  ; 36    ;
;                                             ;       ;
; Logic elements by mode                      ;       ;
;     -- normal mode                          ; 69    ;
;     -- arithmetic mode                      ; 56    ;
;                                             ;       ;
; Total registers                             ; 72    ;
;     -- Dedicated logic registers            ; 72    ;
;     -- I/O registers                        ; 0     ;
;                                             ;       ;
; I/O pins                                    ; 122   ;
; Embedded Multiplier 9-bit elements          ; 0     ;
; Maximum fan-out node                        ; Clock ;
; Maximum fan-out                             ; 72    ;
; Total fan-out                               ; 696   ;
; Average fan-out                             ; 2.18  ;
+---------------------------------------------+-------+


+--------------------------------------------------------------------------------------------------------------------------------------------------------------------------------------------------------------------------------------------------+
; Analysis & Synthesis Resource Utilization by Entity                                                                                                                                                                                              ;
+-----------------------------------------+-------------------+--------------+-------------+--------------+---------+-----------+------+--------------+-----------------------------------------------------------------------------+--------------+
; Compilation Hierarchy Node              ; LC Combinationals ; LC Registers ; Memory Bits ; DSP Elements ; DSP 9x9 ; DSP 18x18 ; Pins ; Virtual Pins ; Full Hierarchy Name                                                         ; Library Name ;
+-----------------------------------------+-------------------+--------------+-------------+--------------+---------+-----------+------+--------------+-----------------------------------------------------------------------------+--------------+
; |MisturadorTinta                        ; 125 (0)           ; 72 (0)       ; 0           ; 0            ; 0       ; 0         ; 122  ; 0            ; |MisturadorTinta                                                            ; work         ;
;    |CaminhoDados:instance_datapath|     ; 104 (0)           ; 64 (0)       ; 0           ; 0            ; 0       ; 0         ; 0    ; 0            ; |MisturadorTinta|CaminhoDados:instance_datapath                             ; work         ;
;       |CodValido:instance_CodValid|     ; 12 (12)           ; 0 (0)        ; 0           ; 0            ; 0       ; 0         ; 0    ; 0            ; |MisturadorTinta|CaminhoDados:instance_datapath|CodValido:instance_CodValid ; work         ;
;       |CompMist:instance_compmist|      ; 5 (5)             ; 0 (0)        ; 0           ; 0            ; 0       ; 0         ; 0    ; 0            ; |MisturadorTinta|CaminhoDados:instance_datapath|CompMist:instance_compmist  ; work         ;
;       |Reg:instance_RegC|               ; 0 (0)             ; 8 (8)        ; 0           ; 0            ; 0       ; 0         ; 0    ; 0            ; |MisturadorTinta|CaminhoDados:instance_datapath|Reg:instance_RegC           ; work         ;
;       |Reg:instance_RegK|               ; 0 (0)             ; 8 (8)        ; 0           ; 0            ; 0       ; 0         ; 0    ; 0            ; |MisturadorTinta|CaminhoDados:instance_datapath|Reg:instance_RegK           ; work         ;
;       |Reg:instance_RegM|               ; 0 (0)             ; 8 (8)        ; 0           ; 0            ; 0       ; 0         ; 0    ; 0            ; |MisturadorTinta|CaminhoDados:instance_datapath|Reg:instance_RegM           ; work         ;
;       |Reg:instance_RegY|               ; 0 (0)             ; 8 (8)        ; 0           ; 0            ; 0       ; 0         ; 0    ; 0            ; |MisturadorTinta|CaminhoDados:instance_datapath|Reg:instance_RegY           ; work         ;
;       |comparador:instance_CompC|       ; 10 (10)           ; 0 (0)        ; 0           ; 0            ; 0       ; 0         ; 0    ; 0            ; |MisturadorTinta|CaminhoDados:instance_datapath|comparador:instance_CompC   ; work         ;
;       |comparador:instance_CompK|       ; 8 (8)             ; 0 (0)        ; 0           ; 0            ; 0       ; 0         ; 0    ; 0            ; |MisturadorTinta|CaminhoDados:instance_datapath|comparador:instance_CompK   ; work         ;
;       |comparador:instance_CompM|       ; 8 (8)             ; 0 (0)        ; 0           ; 0            ; 0       ; 0         ; 0    ; 0            ; |MisturadorTinta|CaminhoDados:instance_datapath|comparador:instance_CompM   ; work         ;
;       |comparador:instance_CompY|       ; 8 (8)             ; 0 (0)        ; 0           ; 0            ; 0       ; 0         ; 0    ; 0            ; |MisturadorTinta|CaminhoDados:instance_datapath|comparador:instance_CompY   ; work         ;
;       |comparador:instance_Compcor|     ; 21 (21)           ; 0 (0)        ; 0           ; 0            ; 0       ; 0         ; 0    ; 0            ; |MisturadorTinta|CaminhoDados:instance_datapath|comparador:instance_Compcor ; work         ;
;       |contador:instance_ContC|         ; 16 (16)           ; 16 (16)      ; 0           ; 0            ; 0       ; 0         ; 0    ; 0            ; |MisturadorTinta|CaminhoDados:instance_datapath|contador:instance_ContC     ; work         ;
;       |contador:instance_contmist|      ; 16 (16)           ; 16 (16)      ; 0           ; 0            ; 0       ; 0         ; 0    ; 0            ; |MisturadorTinta|CaminhoDados:instance_datapath|contador:instance_contmist  ; work         ;
;    |Controladora:instance_controladora| ; 21 (21)           ; 8 (8)        ; 0           ; 0            ; 0       ; 0         ; 0    ; 0            ; |MisturadorTinta|Controladora:instance_controladora                         ; work         ;
+-----------------------------------------+-------------------+--------------+-------------+--------------+---------+-----------+------+--------------+-----------------------------------------------------------------------------+--------------+
Note: For table entries with two numbers listed, the numbers in parentheses indicate the number of resources of the given type used by the specific entity alone. The numbers listed outside of parentheses indicate the total resources of the given type used by the specific entity and all of its sub-entities in the hierarchy.


Encoding Type:  One-Hot
+----------------------------------------------------------------------------------------------------------------------------------------------------+
; State Machine - |MisturadorTinta|Controladora:instance_controladora|estado                                                                         ;
+-----------------+-------------+---------------+---------------+----------------+-----------------+-----------------+---------------+---------------+
; Name            ; estado.erro ; estado.pronto ; estado.valida ; estado.mistura ; estado.pigmento ; estado.verifica ; estado.espera ; estado.inicio ;
+-----------------+-------------+---------------+---------------+----------------+-----------------+-----------------+---------------+---------------+
; estado.inicio   ; 0           ; 0             ; 0             ; 0              ; 0               ; 0               ; 0             ; 0             ;
; estado.espera   ; 0           ; 0             ; 0             ; 0              ; 0               ; 0               ; 1             ; 1             ;
; estado.verifica ; 0           ; 0             ; 0             ; 0              ; 0               ; 1               ; 0             ; 1             ;
; estado.pigmento ; 0           ; 0             ; 0             ; 0              ; 1               ; 0               ; 0             ; 1             ;
; estado.mistura  ; 0           ; 0             ; 0             ; 1              ; 0               ; 0               ; 0             ; 1             ;
; estado.valida   ; 0           ; 0             ; 1             ; 0              ; 0               ; 0               ; 0             ; 1             ;
; estado.pronto   ; 0           ; 1             ; 0             ; 0              ; 0               ; 0               ; 0             ; 1             ;
; estado.erro     ; 1           ; 0             ; 0             ; 0              ; 0               ; 0               ; 0             ; 1             ;
+-----------------+-------------+---------------+---------------+----------------+-----------------+-----------------+---------------+---------------+


+-------------------------------------------------------------------------------------------------------------------------------------------------+
; Registers Removed During Synthesis                                                                                                              ;
+------------------------------------------------------------------+------------------------------------------------------------------------------+
; Register name                                                    ; Reason for Removal                                                           ;
+------------------------------------------------------------------+------------------------------------------------------------------------------+
; CaminhoDados:instance_datapath|contador:instance_ContK|Count[15] ; Merged with CaminhoDados:instance_datapath|contador:instance_ContC|Count[15] ;
; CaminhoDados:instance_datapath|contador:instance_ContM|Count[15] ; Merged with CaminhoDados:instance_datapath|contador:instance_ContC|Count[15] ;
; CaminhoDados:instance_datapath|contador:instance_ContY|Count[15] ; Merged with CaminhoDados:instance_datapath|contador:instance_ContC|Count[15] ;
; CaminhoDados:instance_datapath|contador:instance_ContK|Count[14] ; Merged with CaminhoDados:instance_datapath|contador:instance_ContC|Count[14] ;
; CaminhoDados:instance_datapath|contador:instance_ContM|Count[14] ; Merged with CaminhoDados:instance_datapath|contador:instance_ContC|Count[14] ;
; CaminhoDados:instance_datapath|contador:instance_ContY|Count[14] ; Merged with CaminhoDados:instance_datapath|contador:instance_ContC|Count[14] ;
; CaminhoDados:instance_datapath|contador:instance_ContK|Count[13] ; Merged with CaminhoDados:instance_datapath|contador:instance_ContC|Count[13] ;
; CaminhoDados:instance_datapath|contador:instance_ContM|Count[13] ; Merged with CaminhoDados:instance_datapath|contador:instance_ContC|Count[13] ;
; CaminhoDados:instance_datapath|contador:instance_ContY|Count[13] ; Merged with CaminhoDados:instance_datapath|contador:instance_ContC|Count[13] ;
; CaminhoDados:instance_datapath|contador:instance_ContK|Count[12] ; Merged with CaminhoDados:instance_datapath|contador:instance_ContC|Count[12] ;
; CaminhoDados:instance_datapath|contador:instance_ContM|Count[12] ; Merged with CaminhoDados:instance_datapath|contador:instance_ContC|Count[12] ;
; CaminhoDados:instance_datapath|contador:instance_ContY|Count[12] ; Merged with CaminhoDados:instance_datapath|contador:instance_ContC|Count[12] ;
; CaminhoDados:instance_datapath|contador:instance_ContK|Count[11] ; Merged with CaminhoDados:instance_datapath|contador:instance_ContC|Count[11] ;
; CaminhoDados:instance_datapath|contador:instance_ContM|Count[11] ; Merged with CaminhoDados:instance_datapath|contador:instance_ContC|Count[11] ;
; CaminhoDados:instance_datapath|contador:instance_ContY|Count[11] ; Merged with CaminhoDados:instance_datapath|contador:instance_ContC|Count[11] ;
; CaminhoDados:instance_datapath|contador:instance_ContK|Count[10] ; Merged with CaminhoDados:instance_datapath|contador:instance_ContC|Count[10] ;
; CaminhoDados:instance_datapath|contador:instance_ContM|Count[10] ; Merged with CaminhoDados:instance_datapath|contador:instance_ContC|Count[10] ;
; CaminhoDados:instance_datapath|contador:instance_ContY|Count[10] ; Merged with CaminhoDados:instance_datapath|contador:instance_ContC|Count[10] ;
; CaminhoDados:instance_datapath|contador:instance_ContK|Count[9]  ; Merged with CaminhoDados:instance_datapath|contador:instance_ContC|Count[9]  ;
; CaminhoDados:instance_datapath|contador:instance_ContM|Count[9]  ; Merged with CaminhoDados:instance_datapath|contador:instance_ContC|Count[9]  ;
; CaminhoDados:instance_datapath|contador:instance_ContY|Count[9]  ; Merged with CaminhoDados:instance_datapath|contador:instance_ContC|Count[9]  ;
; CaminhoDados:instance_datapath|contador:instance_ContK|Count[8]  ; Merged with CaminhoDados:instance_datapath|contador:instance_ContC|Count[8]  ;
; CaminhoDados:instance_datapath|contador:instance_ContM|Count[8]  ; Merged with CaminhoDados:instance_datapath|contador:instance_ContC|Count[8]  ;
; CaminhoDados:instance_datapath|contador:instance_ContY|Count[8]  ; Merged with CaminhoDados:instance_datapath|contador:instance_ContC|Count[8]  ;
; CaminhoDados:instance_datapath|contador:instance_ContK|Count[7]  ; Merged with CaminhoDados:instance_datapath|contador:instance_ContC|Count[7]  ;
; CaminhoDados:instance_datapath|contador:instance_ContM|Count[7]  ; Merged with CaminhoDados:instance_datapath|contador:instance_ContC|Count[7]  ;
; CaminhoDados:instance_datapath|contador:instance_ContY|Count[7]  ; Merged with CaminhoDados:instance_datapath|contador:instance_ContC|Count[7]  ;
; CaminhoDados:instance_datapath|contador:instance_ContK|Count[6]  ; Merged with CaminhoDados:instance_datapath|contador:instance_ContC|Count[6]  ;
; CaminhoDados:instance_datapath|contador:instance_ContM|Count[6]  ; Merged with CaminhoDados:instance_datapath|contador:instance_ContC|Count[6]  ;
; CaminhoDados:instance_datapath|contador:instance_ContY|Count[6]  ; Merged with CaminhoDados:instance_datapath|contador:instance_ContC|Count[6]  ;
; CaminhoDados:instance_datapath|contador:instance_ContK|Count[5]  ; Merged with CaminhoDados:instance_datapath|contador:instance_ContC|Count[5]  ;
; CaminhoDados:instance_datapath|contador:instance_ContM|Count[5]  ; Merged with CaminhoDados:instance_datapath|contador:instance_ContC|Count[5]  ;
; CaminhoDados:instance_datapath|contador:instance_ContY|Count[5]  ; Merged with CaminhoDados:instance_datapath|contador:instance_ContC|Count[5]  ;
; CaminhoDados:instance_datapath|contador:instance_ContK|Count[4]  ; Merged with CaminhoDados:instance_datapath|contador:instance_ContC|Count[4]  ;
; CaminhoDados:instance_datapath|contador:instance_ContM|Count[4]  ; Merged with CaminhoDados:instance_datapath|contador:instance_ContC|Count[4]  ;
; CaminhoDados:instance_datapath|contador:instance_ContY|Count[4]  ; Merged with CaminhoDados:instance_datapath|contador:instance_ContC|Count[4]  ;
; CaminhoDados:instance_datapath|contador:instance_ContK|Count[3]  ; Merged with CaminhoDados:instance_datapath|contador:instance_ContC|Count[3]  ;
; CaminhoDados:instance_datapath|contador:instance_ContM|Count[3]  ; Merged with CaminhoDados:instance_datapath|contador:instance_ContC|Count[3]  ;
; CaminhoDados:instance_datapath|contador:instance_ContY|Count[3]  ; Merged with CaminhoDados:instance_datapath|contador:instance_ContC|Count[3]  ;
; CaminhoDados:instance_datapath|contador:instance_ContK|Count[2]  ; Merged with CaminhoDados:instance_datapath|contador:instance_ContC|Count[2]  ;
; CaminhoDados:instance_datapath|contador:instance_ContM|Count[2]  ; Merged with CaminhoDados:instance_datapath|contador:instance_ContC|Count[2]  ;
; CaminhoDados:instance_datapath|contador:instance_ContY|Count[2]  ; Merged with CaminhoDados:instance_datapath|contador:instance_ContC|Count[2]  ;
; CaminhoDados:instance_datapath|contador:instance_ContK|Count[1]  ; Merged with CaminhoDados:instance_datapath|contador:instance_ContC|Count[1]  ;
; CaminhoDados:instance_datapath|contador:instance_ContM|Count[1]  ; Merged with CaminhoDados:instance_datapath|contador:instance_ContC|Count[1]  ;
; CaminhoDados:instance_datapath|contador:instance_ContY|Count[1]  ; Merged with CaminhoDados:instance_datapath|contador:instance_ContC|Count[1]  ;
; CaminhoDados:instance_datapath|contador:instance_ContK|Count[0]  ; Merged with CaminhoDados:instance_datapath|contador:instance_ContC|Count[0]  ;
; CaminhoDados:instance_datapath|contador:instance_ContM|Count[0]  ; Merged with CaminhoDados:instance_datapath|contador:instance_ContC|Count[0]  ;
; CaminhoDados:instance_datapath|contador:instance_ContY|Count[0]  ; Merged with CaminhoDados:instance_datapath|contador:instance_ContC|Count[0]  ;
; Total Number of Removed Registers = 48                           ;                                                                              ;
+------------------------------------------------------------------+------------------------------------------------------------------------------+


+------------------------------------------------------+
; General Register Statistics                          ;
+----------------------------------------------+-------+
; Statistic                                    ; Value ;
+----------------------------------------------+-------+
; Total registers                              ; 72    ;
; Number of registers using Synchronous Clear  ; 0     ;
; Number of registers using Synchronous Load   ; 0     ;
; Number of registers using Asynchronous Clear ; 64    ;
; Number of registers using Asynchronous Load  ; 0     ;
; Number of registers using Clock Enable       ; 62    ;
; Number of registers using Preset             ; 0     ;
+----------------------------------------------+-------+


+-----------------------------------------------------------------------------------------------+
; Parameter Settings for User Entity Instance: CaminhoDados:instance_datapath|Reg:instance_RegC ;
+----------------+-------+----------------------------------------------------------------------+
; Parameter Name ; Value ; Type                                                                 ;
+----------------+-------+----------------------------------------------------------------------+
; w              ; 8     ; Signed Integer                                                       ;
+----------------+-------+----------------------------------------------------------------------+
Note: In order to hide this table in the UI and the text report file, please set the "Show Parameter Settings in Synthesis Report" option in "Analysis and Synthesis Settings -> More Settings" to "Off".


+-------------------------------------------------------------------------------------------------------+
; Parameter Settings for User Entity Instance: CaminhoDados:instance_datapath|comparador:instance_CompC ;
+----------------+-------+------------------------------------------------------------------------------+
; Parameter Name ; Value ; Type                                                                         ;
+----------------+-------+------------------------------------------------------------------------------+
; data_width     ; 16    ; Signed Integer                                                               ;
+----------------+-------+------------------------------------------------------------------------------+
Note: In order to hide this table in the UI and the text report file, please set the "Show Parameter Settings in Synthesis Report" option in "Analysis and Synthesis Settings -> More Settings" to "Off".


+-----------------------------------------------------------------------------------------------+
; Parameter Settings for User Entity Instance: CaminhoDados:instance_datapath|Reg:instance_RegM ;
+----------------+-------+----------------------------------------------------------------------+
; Parameter Name ; Value ; Type                                                                 ;
+----------------+-------+----------------------------------------------------------------------+
; w              ; 8     ; Signed Integer                                                       ;
+----------------+-------+----------------------------------------------------------------------+
Note: In order to hide this table in the UI and the text report file, please set the "Show Parameter Settings in Synthesis Report" option in "Analysis and Synthesis Settings -> More Settings" to "Off".


+-------------------------------------------------------------------------------------------------------+
; Parameter Settings for User Entity Instance: CaminhoDados:instance_datapath|comparador:instance_CompM ;
+----------------+-------+------------------------------------------------------------------------------+
; Parameter Name ; Value ; Type                                                                         ;
+----------------+-------+------------------------------------------------------------------------------+
; data_width     ; 16    ; Signed Integer                                                               ;
+----------------+-------+------------------------------------------------------------------------------+
Note: In order to hide this table in the UI and the text report file, please set the "Show Parameter Settings in Synthesis Report" option in "Analysis and Synthesis Settings -> More Settings" to "Off".


+-----------------------------------------------------------------------------------------------+
; Parameter Settings for User Entity Instance: CaminhoDados:instance_datapath|Reg:instance_RegY ;
+----------------+-------+----------------------------------------------------------------------+
; Parameter Name ; Value ; Type                                                                 ;
+----------------+-------+----------------------------------------------------------------------+
; w              ; 8     ; Signed Integer                                                       ;
+----------------+-------+----------------------------------------------------------------------+
Note: In order to hide this table in the UI and the text report file, please set the "Show Parameter Settings in Synthesis Report" option in "Analysis and Synthesis Settings -> More Settings" to "Off".


+-------------------------------------------------------------------------------------------------------+
; Parameter Settings for User Entity Instance: CaminhoDados:instance_datapath|comparador:instance_CompY ;
+----------------+-------+------------------------------------------------------------------------------+
; Parameter Name ; Value ; Type                                                                         ;
+----------------+-------+------------------------------------------------------------------------------+
; data_width     ; 16    ; Signed Integer                                                               ;
+----------------+-------+------------------------------------------------------------------------------+
Note: In order to hide this table in the UI and the text report file, please set the "Show Parameter Settings in Synthesis Report" option in "Analysis and Synthesis Settings -> More Settings" to "Off".


+-----------------------------------------------------------------------------------------------+
; Parameter Settings for User Entity Instance: CaminhoDados:instance_datapath|Reg:instance_RegK ;
+----------------+-------+----------------------------------------------------------------------+
; Parameter Name ; Value ; Type                                                                 ;
+----------------+-------+----------------------------------------------------------------------+
; w              ; 8     ; Signed Integer                                                       ;
+----------------+-------+----------------------------------------------------------------------+
Note: In order to hide this table in the UI and the text report file, please set the "Show Parameter Settings in Synthesis Report" option in "Analysis and Synthesis Settings -> More Settings" to "Off".


+-------------------------------------------------------------------------------------------------------+
; Parameter Settings for User Entity Instance: CaminhoDados:instance_datapath|comparador:instance_CompK ;
+----------------+-------+------------------------------------------------------------------------------+
; Parameter Name ; Value ; Type                                                                         ;
+----------------+-------+------------------------------------------------------------------------------+
; data_width     ; 16    ; Signed Integer                                                               ;
+----------------+-------+------------------------------------------------------------------------------+
Note: In order to hide this table in the UI and the text report file, please set the "Show Parameter Settings in Synthesis Report" option in "Analysis and Synthesis Settings -> More Settings" to "Off".


+---------------------------------------------------------------------------------------------------------+
; Parameter Settings for User Entity Instance: CaminhoDados:instance_datapath|comparador:instance_Compcor ;
+----------------+-------+--------------------------------------------------------------------------------+
; Parameter Name ; Value ; Type                                                                           ;
+----------------+-------+--------------------------------------------------------------------------------+
; data_width     ; 32    ; Signed Integer                                                                 ;
+----------------+-------+--------------------------------------------------------------------------------+
Note: In order to hide this table in the UI and the text report file, please set the "Show Parameter Settings in Synthesis Report" option in "Analysis and Synthesis Settings -> More Settings" to "Off".


+-----------------------------------------------------------------------------------------------------------------+
; Port Connectivity Checks: "CaminhoDados:instance_datapath|comparador:instance_Compcor"                          ;
+-------+--------+----------+-------------------------------------------------------------------------------------+
; Port  ; Type   ; Severity ; Details                                                                             ;
+-------+--------+----------+-------------------------------------------------------------------------------------+
; maior ; Output ; Info     ; Connected to dangling logic. Logic that only feeds a dangling port will be removed. ;
; menor ; Output ; Info     ; Connected to dangling logic. Logic that only feeds a dangling port will be removed. ;
+-------+--------+----------+-------------------------------------------------------------------------------------+


+-----------------------------------------------------------------------------------------------------------------+
; Port Connectivity Checks: "CaminhoDados:instance_datapath|comparador:instance_CompK"                            ;
+-------+--------+----------+-------------------------------------------------------------------------------------+
; Port  ; Type   ; Severity ; Details                                                                             ;
+-------+--------+----------+-------------------------------------------------------------------------------------+
; maior ; Output ; Info     ; Connected to dangling logic. Logic that only feeds a dangling port will be removed. ;
; igual ; Output ; Info     ; Connected to dangling logic. Logic that only feeds a dangling port will be removed. ;
+-------+--------+----------+-------------------------------------------------------------------------------------+


+-----------------------------------------------------------------------------------------------------------------+
; Port Connectivity Checks: "CaminhoDados:instance_datapath|comparador:instance_CompY"                            ;
+-------+--------+----------+-------------------------------------------------------------------------------------+
; Port  ; Type   ; Severity ; Details                                                                             ;
+-------+--------+----------+-------------------------------------------------------------------------------------+
; maior ; Output ; Info     ; Connected to dangling logic. Logic that only feeds a dangling port will be removed. ;
; igual ; Output ; Info     ; Connected to dangling logic. Logic that only feeds a dangling port will be removed. ;
+-------+--------+----------+-------------------------------------------------------------------------------------+


+-----------------------------------------------------------------------------------------------------------------+
; Port Connectivity Checks: "CaminhoDados:instance_datapath|comparador:instance_CompM"                            ;
+-------+--------+----------+-------------------------------------------------------------------------------------+
; Port  ; Type   ; Severity ; Details                                                                             ;
+-------+--------+----------+-------------------------------------------------------------------------------------+
; maior ; Output ; Info     ; Connected to dangling logic. Logic that only feeds a dangling port will be removed. ;
; igual ; Output ; Info     ; Connected to dangling logic. Logic that only feeds a dangling port will be removed. ;
+-------+--------+----------+-------------------------------------------------------------------------------------+


+-----------------------------------------------------------------------------------------------------------------+
; Port Connectivity Checks: "CaminhoDados:instance_datapath|comparador:instance_CompC"                            ;
+-------+--------+----------+-------------------------------------------------------------------------------------+
; Port  ; Type   ; Severity ; Details                                                                             ;
+-------+--------+----------+-------------------------------------------------------------------------------------+
; maior ; Output ; Info     ; Connected to dangling logic. Logic that only feeds a dangling port will be removed. ;
; igual ; Output ; Info     ; Connected to dangling logic. Logic that only feeds a dangling port will be removed. ;
+-------+--------+----------+-------------------------------------------------------------------------------------+


+-------------------------------+
; Elapsed Time Per Partition    ;
+----------------+--------------+
; Partition Name ; Elapsed Time ;
+----------------+--------------+
; Top            ; 00:00:00     ;
+----------------+--------------+


+-------------------------------+
; Analysis & Synthesis Messages ;
+-------------------------------+
Info: *******************************************************************
Info: Running Quartus II 64-Bit Analysis & Synthesis
    Info: Version 13.0.1 Build 232 06/12/2013 Service Pack 1 SJ Web Edition
    Info: Processing started: Fri Dec 01 15:45:13 2023
Info: Command: quartus_map --read_settings_files=on --write_settings_files=off MisturadorTinta -c MisturadorTinta
Warning (20028): Parallel compilation is not licensed and has been disabled
Info (12021): Found 2 design units, including 1 entities, in source file /users/lhenr/onedrive/documentos/ufmg/lsd/trabalho/registrador/reg.vhd
    Info (12022): Found design unit 1: Reg-RTL
    Info (12023): Found entity 1: Reg
Info (12021): Found 2 design units, including 1 entities, in source file /users/lhenr/onedrive/documentos/ufmg/lsd/trabalho/multiplicador/multiplicador.vhd
    Info (12022): Found design unit 1: multiplicador-Behavioral
    Info (12023): Found entity 1: multiplicador
Info (12021): Found 2 design units, including 1 entities, in source file /users/lhenr/onedrive/documentos/ufmg/lsd/trabalho/contador/contador.vhd
    Info (12022): Found design unit 1: contador-Behavior
    Info (12023): Found entity 1: contador
Info (12021): Found 2 design units, including 1 entities, in source file /users/lhenr/onedrive/documentos/ufmg/lsd/trabalho/compmist/compmist.vhd
    Info (12022): Found design unit 1: CompMist-comp
    Info (12023): Found entity 1: CompMist
Info (12021): Found 2 design units, including 1 entities, in source file /users/lhenr/onedrive/documentos/ufmg/lsd/trabalho/comparador/comparador.vhd
    Info (12022): Found design unit 1: comparador-comp
    Info (12023): Found entity 1: comparador
Info (12021): Found 2 design units, including 1 entities, in source file /users/lhenr/onedrive/documentos/ufmg/lsd/trabalho/codvalido/codvalido.vhd
    Info (12022): Found design unit 1: CodValido-codvalid
    Info (12023): Found entity 1: CodValido
Info (12021): Found 2 design units, including 1 entities, in source file /users/lhenr/onedrive/documentos/ufmg/lsd/trabalho/controladora/controladora.vhd
    Info (12022): Found design unit 1: Controladora-arch
    Info (12023): Found entity 1: Controladora
Info (12021): Found 2 design units, including 1 entities, in source file /users/lhenr/onedrive/documentos/ufmg/lsd/trabalho/caminhodados/caminhodados.vhd
    Info (12022): Found design unit 1: CaminhoDados-dados
    Info (12023): Found entity 1: CaminhoDados
Info (12021): Found 2 design units, including 1 entities, in source file misturadortinta.vhd
    Info (12022): Found design unit 1: MisturadorTinta-arch
    Info (12023): Found entity 1: MisturadorTinta
Info (12021): Found 2 design units, including 1 entities, in source file tb_mist.vhd
    Info (12022): Found design unit 1: tb_mist-teste
    Info (12023): Found entity 1: tb_mist
Info (12127): Elaborating entity "MisturadorTinta" for the top level hierarchy
Info (12128): Elaborating entity "CaminhoDados" for hierarchy "CaminhoDados:instance_datapath"
Info (12128): Elaborating entity "Reg" for hierarchy "CaminhoDados:instance_datapath|Reg:instance_RegC"
Info (12128): Elaborating entity "multiplicador" for hierarchy "CaminhoDados:instance_datapath|multiplicador:instance_MultC"
Info (12128): Elaborating entity "contador" for hierarchy "CaminhoDados:instance_datapath|contador:instance_ContC"
Info (12128): Elaborating entity "comparador" for hierarchy "CaminhoDados:instance_datapath|comparador:instance_CompC"
Info (12128): Elaborating entity "CodValido" for hierarchy "CaminhoDados:instance_datapath|CodValido:instance_CodValid"
Info (12128): Elaborating entity "comparador" for hierarchy "CaminhoDados:instance_datapath|comparador:instance_Compcor"
Info (12128): Elaborating entity "CompMist" for hierarchy "CaminhoDados:instance_datapath|CompMist:instance_compmist"
Info (12128): Elaborating entity "Controladora" for hierarchy "Controladora:instance_controladora"
Warning (10492): VHDL Process Statement warning at Controladora.vhd(196): signal "Codigo_valido" is read inside the Process Statement but isn't in the Process Statement's sensitivity list
Warning (10492): VHDL Process Statement warning at Controladora.vhd(196): signal "Cor_valida" is read inside the Process Statement but isn't in the Process Statement's sensitivity list
Warning (10492): VHDL Process Statement warning at Controladora.vhd(198): signal "Codigo_valido" is read inside the Process Statement but isn't in the Process Statement's sensitivity list
Warning (10492): VHDL Process Statement warning at Controladora.vhd(198): signal "Cor_valida" is read inside the Process Statement but isn't in the Process Statement's sensitivity list
Warning (13024): Output pins are stuck at VCC or GND
    Warning (13410): Pin "Codigo_de_erro[2]" is stuck at GND
    Warning (13410): Pin "Codigo_de_erro[3]" is stuck at GND
    Warning (13410): Pin "Codigo_de_erro[4]" is stuck at GND
    Warning (13410): Pin "Codigo_de_erro[5]" is stuck at GND
    Warning (13410): Pin "Codigo_de_erro[6]" is stuck at GND
    Warning (13410): Pin "Codigo_de_erro[7]" is stuck at GND
    Warning (13410): Pin "Codigo_de_erro[8]" is stuck at GND
    Warning (13410): Pin "Codigo_de_erro[9]" is stuck at GND
    Warning (13410): Pin "Codigo_de_erro[10]" is stuck at GND
    Warning (13410): Pin "Codigo_de_erro[11]" is stuck at GND
    Warning (13410): Pin "Codigo_de_erro[12]" is stuck at GND
    Warning (13410): Pin "Codigo_de_erro[13]" is stuck at GND
    Warning (13410): Pin "Codigo_de_erro[14]" is stuck at GND
    Warning (13410): Pin "Codigo_de_erro[15]" is stuck at GND
Info (16010): Generating hard_block partition "hard_block:auto_generated_inst"
    Info (16011): Adding 0 node(s), including 0 DDIO, 0 PLL, 0 transceiver and 0 LCELL
Info (21057): Implemented 279 device resources after synthesis - the final resource count might be different
    Info (21058): Implemented 68 input pins
    Info (21059): Implemented 54 output pins
    Info (21061): Implemented 157 logic cells
Info: Quartus II 64-Bit Analysis & Synthesis was successful. 0 errors, 20 warnings
    Info: Peak virtual memory: 4632 megabytes
    Info: Processing ended: Fri Dec 01 15:45:18 2023
    Info: Elapsed time: 00:00:05
    Info: Total CPU time (on all processors): 00:00:03


