Analysis & Synthesis report for CaminhoDados
Sat Nov 25 15:02:07 2023
Quartus II 64-Bit Version 13.0.1 Build 232 06/12/2013 Service Pack 1 SJ Web Edition


---------------------
; Table of Contents ;
---------------------
  1. Legal Notice
  2. Analysis & Synthesis Summary
  3. Analysis & Synthesis Settings
  4. Parallel Compilation
  5. Analysis & Synthesis Source Files Read
  6. Analysis & Synthesis Resource Usage Summary
  7. Analysis & Synthesis Resource Utilization by Entity
  8. Registers Removed During Synthesis
  9. General Register Statistics
 10. Parameter Settings for User Entity Instance: Reg:instance_RegC
 11. Parameter Settings for User Entity Instance: comparador:instance_CompC
 12. Parameter Settings for User Entity Instance: Reg:instance_RegM
 13. Parameter Settings for User Entity Instance: comparador:instance_CompM
 14. Parameter Settings for User Entity Instance: Reg:instance_RegY
 15. Parameter Settings for User Entity Instance: comparador:instance_CompY
 16. Parameter Settings for User Entity Instance: Reg:instance_RegK
 17. Parameter Settings for User Entity Instance: comparador:instance_CompK
 18. Parameter Settings for User Entity Instance: comparador:instance_Compcor
 19. Parameter Settings for Inferred Entity Instance: multiplicador:instance_MultC|lpm_mult:Mult0
 20. Parameter Settings for Inferred Entity Instance: multiplicador:instance_MultM|lpm_mult:Mult0
 21. Parameter Settings for Inferred Entity Instance: multiplicador:instance_MultY|lpm_mult:Mult0
 22. Parameter Settings for Inferred Entity Instance: multiplicador:instance_MulTK|lpm_mult:Mult0
 23. lpm_mult Parameter Settings by Entity Instance
 24. Port Connectivity Checks: "comparador:instance_Compcor"
 25. Port Connectivity Checks: "comparador:instance_CompK"
 26. Port Connectivity Checks: "comparador:instance_CompY"
 27. Port Connectivity Checks: "comparador:instance_CompM"
 28. Port Connectivity Checks: "comparador:instance_CompC"
 29. Elapsed Time Per Partition
 30. Analysis & Synthesis Messages



----------------
; Legal Notice ;
----------------
Copyright (C) 1991-2013 Altera Corporation
Your use of Altera Corporation's design tools, logic functions 
and other software and tools, and its AMPP partner logic 
functions, and any output files from any of the foregoing 
(including device programming or simulation files), and any 
associated documentation or information are expressly subject 
to the terms and conditions of the Altera Program License 
Subscription Agreement, Altera MegaCore Function License 
Agreement, or other applicable license agreement, including, 
without limitation, that your use is for the sole purpose of 
programming logic devices manufactured by Altera and sold by 
Altera or its authorized distributors.  Please refer to the 
applicable agreement for further details.



+--------------------------------------------------------------------------------------+
; Analysis & Synthesis Summary                                                         ;
+------------------------------------+-------------------------------------------------+
; Analysis & Synthesis Status        ; Successful - Sat Nov 25 15:02:07 2023           ;
; Quartus II 64-Bit Version          ; 13.0.1 Build 232 06/12/2013 SP 1 SJ Web Edition ;
; Revision Name                      ; CaminhoDados                                    ;
; Top-level Entity Name              ; CaminhoDados                                    ;
; Family                             ; Cyclone II                                      ;
; Total logic elements               ; 245                                             ;
;     Total combinational functions  ; 213                                             ;
;     Dedicated logic registers      ; 64                                              ;
; Total registers                    ; 64                                              ;
; Total pins                         ; 105                                             ;
; Total virtual pins                 ; 0                                               ;
; Total memory bits                  ; 0                                               ;
; Embedded Multiplier 9-bit elements ; 0                                               ;
; Total PLLs                         ; 0                                               ;
+------------------------------------+-------------------------------------------------+


+----------------------------------------------------------------------------------------------------------------------+
; Analysis & Synthesis Settings                                                                                        ;
+----------------------------------------------------------------------------+--------------------+--------------------+
; Option                                                                     ; Setting            ; Default Value      ;
+----------------------------------------------------------------------------+--------------------+--------------------+
; Device                                                                     ; EP2C35F672C6       ;                    ;
; Top-level entity name                                                      ; CaminhoDados       ; CaminhoDados       ;
; Family name                                                                ; Cyclone II         ; Cyclone IV GX      ;
; Use smart compilation                                                      ; Off                ; Off                ;
; Enable parallel Assembler and TimeQuest Timing Analyzer during compilation ; On                 ; On                 ;
; Enable compact report table                                                ; Off                ; Off                ;
; Restructure Multiplexers                                                   ; Auto               ; Auto               ;
; Create Debugging Nodes for IP Cores                                        ; Off                ; Off                ;
; Preserve fewer node names                                                  ; On                 ; On                 ;
; Disable OpenCore Plus hardware evaluation                                  ; Off                ; Off                ;
; Verilog Version                                                            ; Verilog_2001       ; Verilog_2001       ;
; VHDL Version                                                               ; VHDL_1993          ; VHDL_1993          ;
; State Machine Processing                                                   ; Auto               ; Auto               ;
; Safe State Machine                                                         ; Off                ; Off                ;
; Extract Verilog State Machines                                             ; On                 ; On                 ;
; Extract VHDL State Machines                                                ; On                 ; On                 ;
; Ignore Verilog initial constructs                                          ; Off                ; Off                ;
; Iteration limit for constant Verilog loops                                 ; 5000               ; 5000               ;
; Iteration limit for non-constant Verilog loops                             ; 250                ; 250                ;
; Add Pass-Through Logic to Inferred RAMs                                    ; On                 ; On                 ;
; Infer RAMs from Raw Logic                                                  ; On                 ; On                 ;
; Parallel Synthesis                                                         ; On                 ; On                 ;
; DSP Block Balancing                                                        ; Auto               ; Auto               ;
; NOT Gate Push-Back                                                         ; On                 ; On                 ;
; Power-Up Don't Care                                                        ; On                 ; On                 ;
; Remove Redundant Logic Cells                                               ; Off                ; Off                ;
; Remove Duplicate Registers                                                 ; On                 ; On                 ;
; Ignore CARRY Buffers                                                       ; Off                ; Off                ;
; Ignore CASCADE Buffers                                                     ; Off                ; Off                ;
; Ignore GLOBAL Buffers                                                      ; Off                ; Off                ;
; Ignore ROW GLOBAL Buffers                                                  ; Off                ; Off                ;
; Ignore LCELL Buffers                                                       ; Off                ; Off                ;
; Ignore SOFT Buffers                                                        ; On                 ; On                 ;
; Limit AHDL Integers to 32 Bits                                             ; Off                ; Off                ;
; Optimization Technique                                                     ; Balanced           ; Balanced           ;
; Carry Chain Length                                                         ; 70                 ; 70                 ;
; Auto Carry Chains                                                          ; On                 ; On                 ;
; Auto Open-Drain Pins                                                       ; On                 ; On                 ;
; Perform WYSIWYG Primitive Resynthesis                                      ; Off                ; Off                ;
; Auto ROM Replacement                                                       ; On                 ; On                 ;
; Auto RAM Replacement                                                       ; On                 ; On                 ;
; Auto Shift Register Replacement                                            ; Auto               ; Auto               ;
; Allow Shift Register Merging across Hierarchies                            ; Auto               ; Auto               ;
; Auto Clock Enable Replacement                                              ; On                 ; On                 ;
; Strict RAM Replacement                                                     ; Off                ; Off                ;
; Allow Synchronous Control Signals                                          ; On                 ; On                 ;
; Force Use of Synchronous Clear Signals                                     ; Off                ; Off                ;
; Auto RAM to Logic Cell Conversion                                          ; Off                ; Off                ;
; Auto Resource Sharing                                                      ; Off                ; Off                ;
; Allow Any RAM Size For Recognition                                         ; Off                ; Off                ;
; Allow Any ROM Size For Recognition                                         ; Off                ; Off                ;
; Allow Any Shift Register Size For Recognition                              ; Off                ; Off                ;
; Use LogicLock Constraints during Resource Balancing                        ; On                 ; On                 ;
; Ignore translate_off and synthesis_off directives                          ; Off                ; Off                ;
; Timing-Driven Synthesis                                                    ; Off                ; Off                ;
; Report Parameter Settings                                                  ; On                 ; On                 ;
; Report Source Assignments                                                  ; On                 ; On                 ;
; Report Connectivity Checks                                                 ; On                 ; On                 ;
; Ignore Maximum Fan-Out Assignments                                         ; Off                ; Off                ;
; Synchronization Register Chain Length                                      ; 2                  ; 2                  ;
; PowerPlay Power Optimization                                               ; Normal compilation ; Normal compilation ;
; HDL message level                                                          ; Level2             ; Level2             ;
; Suppress Register Optimization Related Messages                            ; Off                ; Off                ;
; Number of Removed Registers Reported in Synthesis Report                   ; 5000               ; 5000               ;
; Number of Swept Nodes Reported in Synthesis Report                         ; 5000               ; 5000               ;
; Number of Inverted Registers Reported in Synthesis Report                  ; 100                ; 100                ;
; Clock MUX Protection                                                       ; On                 ; On                 ;
; Auto Gated Clock Conversion                                                ; Off                ; Off                ;
; Block Design Naming                                                        ; Auto               ; Auto               ;
; SDC constraint protection                                                  ; Off                ; Off                ;
; Synthesis Effort                                                           ; Auto               ; Auto               ;
; Shift Register Replacement - Allow Asynchronous Clear Signal               ; On                 ; On                 ;
; Pre-Mapping Resynthesis Optimization                                       ; Off                ; Off                ;
; Analysis & Synthesis Message Level                                         ; Medium             ; Medium             ;
; Disable Register Merging Across Hierarchies                                ; Auto               ; Auto               ;
; Resource Aware Inference For Block RAM                                     ; On                 ; On                 ;
; Synthesis Seed                                                             ; 1                  ; 1                  ;
+----------------------------------------------------------------------------+--------------------+--------------------+


Parallel compilation was disabled, but you have multiple processors available. Enable parallel compilation to reduce compilation time.
+-------------------------------------+
; Parallel Compilation                ;
+----------------------------+--------+
; Processors                 ; Number ;
+----------------------------+--------+
; Number detected on machine ; 2      ;
; Maximum allowed            ; 1      ;
+----------------------------+--------+


+--------------------------------------------------------------------------------------------------------------------------------------------------------------------------------------+
; Analysis & Synthesis Source Files Read                                                                                                                                               ;
+------------------------------------+-----------------+------------------------------+--------------------------------------------------------------------------------------+---------+
; File Name with User-Entered Path   ; Used in Netlist ; File Type                    ; File Name with Absolute Path                                                         ; Library ;
+------------------------------------+-----------------+------------------------------+--------------------------------------------------------------------------------------+---------+
; ../Contador/contador.vhd           ; yes             ; User VHDL File               ; C:/Users/lhenr/OneDrive/Documentos/UFMG/LSD/Trabalho/Contador/contador.vhd           ;         ;
; ../CompMist/CompMist.vhd           ; yes             ; User VHDL File               ; C:/Users/lhenr/OneDrive/Documentos/UFMG/LSD/Trabalho/CompMist/CompMist.vhd           ;         ;
; ../Registrador/Reg.vhd             ; yes             ; User VHDL File               ; C:/Users/lhenr/OneDrive/Documentos/UFMG/LSD/Trabalho/Registrador/Reg.vhd             ;         ;
; ../Multiplicador/multiplicador.vhd ; yes             ; User VHDL File               ; C:/Users/lhenr/OneDrive/Documentos/UFMG/LSD/Trabalho/Multiplicador/multiplicador.vhd ;         ;
; ../Comparador/comparador.vhd       ; yes             ; User VHDL File               ; C:/Users/lhenr/OneDrive/Documentos/UFMG/LSD/Trabalho/Comparador/comparador.vhd       ;         ;
; ../CodValido/CodValido.vhd         ; yes             ; User VHDL File               ; C:/Users/lhenr/OneDrive/Documentos/UFMG/LSD/Trabalho/CodValido/CodValido.vhd         ;         ;
; CaminhoDados.vhd                   ; yes             ; User VHDL File               ; C:/Users/lhenr/OneDrive/Documentos/UFMG/LSD/Trabalho/CaminhoDados/CaminhoDados.vhd   ;         ;
; lpm_mult.tdf                       ; yes             ; Megafunction                 ; c:/altera/13.0sp1/quartus/libraries/megafunctions/lpm_mult.tdf                       ;         ;
; aglobal130.inc                     ; yes             ; Megafunction                 ; c:/altera/13.0sp1/quartus/libraries/megafunctions/aglobal130.inc                     ;         ;
; lpm_add_sub.inc                    ; yes             ; Megafunction                 ; c:/altera/13.0sp1/quartus/libraries/megafunctions/lpm_add_sub.inc                    ;         ;
; multcore.inc                       ; yes             ; Megafunction                 ; c:/altera/13.0sp1/quartus/libraries/megafunctions/multcore.inc                       ;         ;
; bypassff.inc                       ; yes             ; Megafunction                 ; c:/altera/13.0sp1/quartus/libraries/megafunctions/bypassff.inc                       ;         ;
; altshift.inc                       ; yes             ; Megafunction                 ; c:/altera/13.0sp1/quartus/libraries/megafunctions/altshift.inc                       ;         ;
; multcore.tdf                       ; yes             ; Megafunction                 ; c:/altera/13.0sp1/quartus/libraries/megafunctions/multcore.tdf                       ;         ;
; csa_add.inc                        ; yes             ; Megafunction                 ; c:/altera/13.0sp1/quartus/libraries/megafunctions/csa_add.inc                        ;         ;
; mpar_add.inc                       ; yes             ; Megafunction                 ; c:/altera/13.0sp1/quartus/libraries/megafunctions/mpar_add.inc                       ;         ;
; muleabz.inc                        ; yes             ; Megafunction                 ; c:/altera/13.0sp1/quartus/libraries/megafunctions/muleabz.inc                        ;         ;
; mul_lfrg.inc                       ; yes             ; Megafunction                 ; c:/altera/13.0sp1/quartus/libraries/megafunctions/mul_lfrg.inc                       ;         ;
; mul_boothc.inc                     ; yes             ; Megafunction                 ; c:/altera/13.0sp1/quartus/libraries/megafunctions/mul_boothc.inc                     ;         ;
; alt_ded_mult.inc                   ; yes             ; Megafunction                 ; c:/altera/13.0sp1/quartus/libraries/megafunctions/alt_ded_mult.inc                   ;         ;
; alt_ded_mult_y.inc                 ; yes             ; Megafunction                 ; c:/altera/13.0sp1/quartus/libraries/megafunctions/alt_ded_mult_y.inc                 ;         ;
; dffpipe.inc                        ; yes             ; Megafunction                 ; c:/altera/13.0sp1/quartus/libraries/megafunctions/dffpipe.inc                        ;         ;
; mpar_add.tdf                       ; yes             ; Megafunction                 ; c:/altera/13.0sp1/quartus/libraries/megafunctions/mpar_add.tdf                       ;         ;
; lpm_add_sub.tdf                    ; yes             ; Megafunction                 ; c:/altera/13.0sp1/quartus/libraries/megafunctions/lpm_add_sub.tdf                    ;         ;
; addcore.inc                        ; yes             ; Megafunction                 ; c:/altera/13.0sp1/quartus/libraries/megafunctions/addcore.inc                        ;         ;
; look_add.inc                       ; yes             ; Megafunction                 ; c:/altera/13.0sp1/quartus/libraries/megafunctions/look_add.inc                       ;         ;
; alt_stratix_add_sub.inc            ; yes             ; Megafunction                 ; c:/altera/13.0sp1/quartus/libraries/megafunctions/alt_stratix_add_sub.inc            ;         ;
; db/add_sub_2ch.tdf                 ; yes             ; Auto-Generated Megafunction  ; C:/Users/lhenr/OneDrive/Documentos/UFMG/LSD/Trabalho/CaminhoDados/db/add_sub_2ch.tdf ;         ;
; altshift.tdf                       ; yes             ; Megafunction                 ; c:/altera/13.0sp1/quartus/libraries/megafunctions/altshift.tdf                       ;         ;
+------------------------------------+-----------------+------------------------------+--------------------------------------------------------------------------------------+---------+


+-----------------------------------------------------+
; Analysis & Synthesis Resource Usage Summary         ;
+---------------------------------------------+-------+
; Resource                                    ; Usage ;
+---------------------------------------------+-------+
; Estimated Total logic elements              ; 245   ;
;                                             ;       ;
; Total combinational functions               ; 213   ;
; Logic element usage by number of LUT inputs ;       ;
;     -- 4 input functions                    ; 67    ;
;     -- 3 input functions                    ; 81    ;
;     -- <=2 input functions                  ; 65    ;
;                                             ;       ;
; Logic elements by mode                      ;       ;
;     -- normal mode                          ; 101   ;
;     -- arithmetic mode                      ; 112   ;
;                                             ;       ;
; Total registers                             ; 64    ;
;     -- Dedicated logic registers            ; 64    ;
;     -- I/O registers                        ; 0     ;
;                                             ;       ;
; I/O pins                                    ; 105   ;
; Embedded Multiplier 9-bit elements          ; 0     ;
; Maximum fan-out node                        ; Reset ;
; Maximum fan-out                             ; 65    ;
; Total fan-out                               ; 893   ;
; Average fan-out                             ; 2.34  ;
+---------------------------------------------+-------+


+--------------------------------------------------------------------------------------------------------------------------------------------------------------------------------------------------------------------------------------------------------------------------------------------------------------------------+
; Analysis & Synthesis Resource Utilization by Entity                                                                                                                                                                                                                                                                      ;
+------------------------------------------------+-------------------+--------------+-------------+--------------+---------+-----------+------+--------------+----------------------------------------------------------------------------------------------------------------------------------------------+--------------+
; Compilation Hierarchy Node                     ; LC Combinationals ; LC Registers ; Memory Bits ; DSP Elements ; DSP 9x9 ; DSP 18x18 ; Pins ; Virtual Pins ; Full Hierarchy Name                                                                                                                          ; Library Name ;
+------------------------------------------------+-------------------+--------------+-------------+--------------+---------+-----------+------+--------------+----------------------------------------------------------------------------------------------------------------------------------------------+--------------+
; |CaminhoDados                                  ; 213 (2)           ; 64 (0)       ; 0           ; 0            ; 0       ; 0         ; 105  ; 0            ; |CaminhoDados                                                                                                                                ; work         ;
;    |CodValido:instance_CodValid|               ; 11 (11)           ; 0 (0)        ; 0           ; 0            ; 0       ; 0         ; 0    ; 0            ; |CaminhoDados|CodValido:instance_CodValid                                                                                                    ; work         ;
;    |CompMist:instance_compmist|                ; 5 (5)             ; 0 (0)        ; 0           ; 0            ; 0       ; 0         ; 0    ; 0            ; |CaminhoDados|CompMist:instance_compmist                                                                                                     ; work         ;
;    |Reg:instance_RegC|                         ; 1 (1)             ; 8 (8)        ; 0           ; 0            ; 0       ; 0         ; 0    ; 0            ; |CaminhoDados|Reg:instance_RegC                                                                                                              ; work         ;
;    |Reg:instance_RegK|                         ; 0 (0)             ; 8 (8)        ; 0           ; 0            ; 0       ; 0         ; 0    ; 0            ; |CaminhoDados|Reg:instance_RegK                                                                                                              ; work         ;
;    |Reg:instance_RegM|                         ; 0 (0)             ; 8 (8)        ; 0           ; 0            ; 0       ; 0         ; 0    ; 0            ; |CaminhoDados|Reg:instance_RegM                                                                                                              ; work         ;
;    |Reg:instance_RegY|                         ; 0 (0)             ; 8 (8)        ; 0           ; 0            ; 0       ; 0         ; 0    ; 0            ; |CaminhoDados|Reg:instance_RegY                                                                                                              ; work         ;
;    |comparador:instance_CompC|                 ; 15 (15)           ; 0 (0)        ; 0           ; 0            ; 0       ; 0         ; 0    ; 0            ; |CaminhoDados|comparador:instance_CompC                                                                                                      ; work         ;
;    |comparador:instance_CompK|                 ; 14 (14)           ; 0 (0)        ; 0           ; 0            ; 0       ; 0         ; 0    ; 0            ; |CaminhoDados|comparador:instance_CompK                                                                                                      ; work         ;
;    |comparador:instance_CompM|                 ; 14 (14)           ; 0 (0)        ; 0           ; 0            ; 0       ; 0         ; 0    ; 0            ; |CaminhoDados|comparador:instance_CompM                                                                                                      ; work         ;
;    |comparador:instance_CompY|                 ; 14 (14)           ; 0 (0)        ; 0           ; 0            ; 0       ; 0         ; 0    ; 0            ; |CaminhoDados|comparador:instance_CompY                                                                                                      ; work         ;
;    |comparador:instance_Compcor|               ; 21 (21)           ; 0 (0)        ; 0           ; 0            ; 0       ; 0         ; 0    ; 0            ; |CaminhoDados|comparador:instance_Compcor                                                                                                    ; work         ;
;    |contador:instance_ContC|                   ; 16 (16)           ; 16 (16)      ; 0           ; 0            ; 0       ; 0         ; 0    ; 0            ; |CaminhoDados|contador:instance_ContC                                                                                                        ; work         ;
;    |contador:instance_contmist|                ; 16 (16)           ; 16 (16)      ; 0           ; 0            ; 0       ; 0         ; 0    ; 0            ; |CaminhoDados|contador:instance_contmist                                                                                                     ; work         ;
;    |multiplicador:instance_MulTK|              ; 21 (0)            ; 0 (0)        ; 0           ; 0            ; 0       ; 0         ; 0    ; 0            ; |CaminhoDados|multiplicador:instance_MulTK                                                                                                   ; work         ;
;       |lpm_mult:Mult0|                         ; 21 (0)            ; 0 (0)        ; 0           ; 0            ; 0       ; 0         ; 0    ; 0            ; |CaminhoDados|multiplicador:instance_MulTK|lpm_mult:Mult0                                                                                    ; work         ;
;          |multcore:mult_core|                  ; 21 (12)           ; 0 (0)        ; 0           ; 0            ; 0       ; 0         ; 0    ; 0            ; |CaminhoDados|multiplicador:instance_MulTK|lpm_mult:Mult0|multcore:mult_core                                                                 ; work         ;
;             |mpar_add:padder|                  ; 9 (0)             ; 0 (0)        ; 0           ; 0            ; 0       ; 0         ; 0    ; 0            ; |CaminhoDados|multiplicador:instance_MulTK|lpm_mult:Mult0|multcore:mult_core|mpar_add:padder                                                 ; work         ;
;                |lpm_add_sub:adder[0]|          ; 9 (0)             ; 0 (0)        ; 0           ; 0            ; 0       ; 0         ; 0    ; 0            ; |CaminhoDados|multiplicador:instance_MulTK|lpm_mult:Mult0|multcore:mult_core|mpar_add:padder|lpm_add_sub:adder[0]                            ; work         ;
;                   |add_sub_2ch:auto_generated| ; 9 (9)             ; 0 (0)        ; 0           ; 0            ; 0       ; 0         ; 0    ; 0            ; |CaminhoDados|multiplicador:instance_MulTK|lpm_mult:Mult0|multcore:mult_core|mpar_add:padder|lpm_add_sub:adder[0]|add_sub_2ch:auto_generated ; work         ;
;    |multiplicador:instance_MultC|              ; 21 (0)            ; 0 (0)        ; 0           ; 0            ; 0       ; 0         ; 0    ; 0            ; |CaminhoDados|multiplicador:instance_MultC                                                                                                   ; work         ;
;       |lpm_mult:Mult0|                         ; 21 (0)            ; 0 (0)        ; 0           ; 0            ; 0       ; 0         ; 0    ; 0            ; |CaminhoDados|multiplicador:instance_MultC|lpm_mult:Mult0                                                                                    ; work         ;
;          |multcore:mult_core|                  ; 21 (12)           ; 0 (0)        ; 0           ; 0            ; 0       ; 0         ; 0    ; 0            ; |CaminhoDados|multiplicador:instance_MultC|lpm_mult:Mult0|multcore:mult_core                                                                 ; work         ;
;             |mpar_add:padder|                  ; 9 (0)             ; 0 (0)        ; 0           ; 0            ; 0       ; 0         ; 0    ; 0            ; |CaminhoDados|multiplicador:instance_MultC|lpm_mult:Mult0|multcore:mult_core|mpar_add:padder                                                 ; work         ;
;                |lpm_add_sub:adder[0]|          ; 9 (0)             ; 0 (0)        ; 0           ; 0            ; 0       ; 0         ; 0    ; 0            ; |CaminhoDados|multiplicador:instance_MultC|lpm_mult:Mult0|multcore:mult_core|mpar_add:padder|lpm_add_sub:adder[0]                            ; work         ;
;                   |add_sub_2ch:auto_generated| ; 9 (9)             ; 0 (0)        ; 0           ; 0            ; 0       ; 0         ; 0    ; 0            ; |CaminhoDados|multiplicador:instance_MultC|lpm_mult:Mult0|multcore:mult_core|mpar_add:padder|lpm_add_sub:adder[0]|add_sub_2ch:auto_generated ; work         ;
;    |multiplicador:instance_MultM|              ; 21 (0)            ; 0 (0)        ; 0           ; 0            ; 0       ; 0         ; 0    ; 0            ; |CaminhoDados|multiplicador:instance_MultM                                                                                                   ; work         ;
;       |lpm_mult:Mult0|                         ; 21 (0)            ; 0 (0)        ; 0           ; 0            ; 0       ; 0         ; 0    ; 0            ; |CaminhoDados|multiplicador:instance_MultM|lpm_mult:Mult0                                                                                    ; work         ;
;          |multcore:mult_core|                  ; 21 (12)           ; 0 (0)        ; 0           ; 0            ; 0       ; 0         ; 0    ; 0            ; |CaminhoDados|multiplicador:instance_MultM|lpm_mult:Mult0|multcore:mult_core                                                                 ; work         ;
;             |mpar_add:padder|                  ; 9 (0)             ; 0 (0)        ; 0           ; 0            ; 0       ; 0         ; 0    ; 0            ; |CaminhoDados|multiplicador:instance_MultM|lpm_mult:Mult0|multcore:mult_core|mpar_add:padder                                                 ; work         ;
;                |lpm_add_sub:adder[0]|          ; 9 (0)             ; 0 (0)        ; 0           ; 0            ; 0       ; 0         ; 0    ; 0            ; |CaminhoDados|multiplicador:instance_MultM|lpm_mult:Mult0|multcore:mult_core|mpar_add:padder|lpm_add_sub:adder[0]                            ; work         ;
;                   |add_sub_2ch:auto_generated| ; 9 (9)             ; 0 (0)        ; 0           ; 0            ; 0       ; 0         ; 0    ; 0            ; |CaminhoDados|multiplicador:instance_MultM|lpm_mult:Mult0|multcore:mult_core|mpar_add:padder|lpm_add_sub:adder[0]|add_sub_2ch:auto_generated ; work         ;
;    |multiplicador:instance_MultY|              ; 21 (0)            ; 0 (0)        ; 0           ; 0            ; 0       ; 0         ; 0    ; 0            ; |CaminhoDados|multiplicador:instance_MultY                                                                                                   ; work         ;
;       |lpm_mult:Mult0|                         ; 21 (0)            ; 0 (0)        ; 0           ; 0            ; 0       ; 0         ; 0    ; 0            ; |CaminhoDados|multiplicador:instance_MultY|lpm_mult:Mult0                                                                                    ; work         ;
;          |multcore:mult_core|                  ; 21 (12)           ; 0 (0)        ; 0           ; 0            ; 0       ; 0         ; 0    ; 0            ; |CaminhoDados|multiplicador:instance_MultY|lpm_mult:Mult0|multcore:mult_core                                                                 ; work         ;
;             |mpar_add:padder|                  ; 9 (0)             ; 0 (0)        ; 0           ; 0            ; 0       ; 0         ; 0    ; 0            ; |CaminhoDados|multiplicador:instance_MultY|lpm_mult:Mult0|multcore:mult_core|mpar_add:padder                                                 ; work         ;
;                |lpm_add_sub:adder[0]|          ; 9 (0)             ; 0 (0)        ; 0           ; 0            ; 0       ; 0         ; 0    ; 0            ; |CaminhoDados|multiplicador:instance_MultY|lpm_mult:Mult0|multcore:mult_core|mpar_add:padder|lpm_add_sub:adder[0]                            ; work         ;
;                   |add_sub_2ch:auto_generated| ; 9 (9)             ; 0 (0)        ; 0           ; 0            ; 0       ; 0         ; 0    ; 0            ; |CaminhoDados|multiplicador:instance_MultY|lpm_mult:Mult0|multcore:mult_core|mpar_add:padder|lpm_add_sub:adder[0]|add_sub_2ch:auto_generated ; work         ;
+------------------------------------------------+-------------------+--------------+-------------+--------------+---------+-----------+------+--------------+----------------------------------------------------------------------------------------------------------------------------------------------+--------------+
Note: For table entries with two numbers listed, the numbers in parentheses indicate the number of resources of the given type used by the specific entity alone. The numbers listed outside of parentheses indicate the total resources of the given type used by the specific entity and all of its sub-entities in the hierarchy.


+----------------------------------------------------------------------------------------+
; Registers Removed During Synthesis                                                     ;
+----------------------------------------+-----------------------------------------------+
; Register name                          ; Reason for Removal                            ;
+----------------------------------------+-----------------------------------------------+
; contador:instance_ContK|Count[15]      ; Merged with contador:instance_ContC|Count[15] ;
; contador:instance_ContM|Count[15]      ; Merged with contador:instance_ContC|Count[15] ;
; contador:instance_ContY|Count[15]      ; Merged with contador:instance_ContC|Count[15] ;
; contador:instance_ContK|Count[14]      ; Merged with contador:instance_ContC|Count[14] ;
; contador:instance_ContM|Count[14]      ; Merged with contador:instance_ContC|Count[14] ;
; contador:instance_ContY|Count[14]      ; Merged with contador:instance_ContC|Count[14] ;
; contador:instance_ContK|Count[13]      ; Merged with contador:instance_ContC|Count[13] ;
; contador:instance_ContM|Count[13]      ; Merged with contador:instance_ContC|Count[13] ;
; contador:instance_ContY|Count[13]      ; Merged with contador:instance_ContC|Count[13] ;
; contador:instance_ContK|Count[12]      ; Merged with contador:instance_ContC|Count[12] ;
; contador:instance_ContM|Count[12]      ; Merged with contador:instance_ContC|Count[12] ;
; contador:instance_ContY|Count[12]      ; Merged with contador:instance_ContC|Count[12] ;
; contador:instance_ContK|Count[11]      ; Merged with contador:instance_ContC|Count[11] ;
; contador:instance_ContM|Count[11]      ; Merged with contador:instance_ContC|Count[11] ;
; contador:instance_ContY|Count[11]      ; Merged with contador:instance_ContC|Count[11] ;
; contador:instance_ContK|Count[10]      ; Merged with contador:instance_ContC|Count[10] ;
; contador:instance_ContM|Count[10]      ; Merged with contador:instance_ContC|Count[10] ;
; contador:instance_ContY|Count[10]      ; Merged with contador:instance_ContC|Count[10] ;
; contador:instance_ContK|Count[9]       ; Merged with contador:instance_ContC|Count[9]  ;
; contador:instance_ContM|Count[9]       ; Merged with contador:instance_ContC|Count[9]  ;
; contador:instance_ContY|Count[9]       ; Merged with contador:instance_ContC|Count[9]  ;
; contador:instance_ContK|Count[8]       ; Merged with contador:instance_ContC|Count[8]  ;
; contador:instance_ContM|Count[8]       ; Merged with contador:instance_ContC|Count[8]  ;
; contador:instance_ContY|Count[8]       ; Merged with contador:instance_ContC|Count[8]  ;
; contador:instance_ContK|Count[7]       ; Merged with contador:instance_ContC|Count[7]  ;
; contador:instance_ContM|Count[7]       ; Merged with contador:instance_ContC|Count[7]  ;
; contador:instance_ContY|Count[7]       ; Merged with contador:instance_ContC|Count[7]  ;
; contador:instance_ContK|Count[6]       ; Merged with contador:instance_ContC|Count[6]  ;
; contador:instance_ContM|Count[6]       ; Merged with contador:instance_ContC|Count[6]  ;
; contador:instance_ContY|Count[6]       ; Merged with contador:instance_ContC|Count[6]  ;
; contador:instance_ContK|Count[5]       ; Merged with contador:instance_ContC|Count[5]  ;
; contador:instance_ContM|Count[5]       ; Merged with contador:instance_ContC|Count[5]  ;
; contador:instance_ContY|Count[5]       ; Merged with contador:instance_ContC|Count[5]  ;
; contador:instance_ContK|Count[4]       ; Merged with contador:instance_ContC|Count[4]  ;
; contador:instance_ContM|Count[4]       ; Merged with contador:instance_ContC|Count[4]  ;
; contador:instance_ContY|Count[4]       ; Merged with contador:instance_ContC|Count[4]  ;
; contador:instance_ContK|Count[3]       ; Merged with contador:instance_ContC|Count[3]  ;
; contador:instance_ContM|Count[3]       ; Merged with contador:instance_ContC|Count[3]  ;
; contador:instance_ContY|Count[3]       ; Merged with contador:instance_ContC|Count[3]  ;
; contador:instance_ContK|Count[2]       ; Merged with contador:instance_ContC|Count[2]  ;
; contador:instance_ContM|Count[2]       ; Merged with contador:instance_ContC|Count[2]  ;
; contador:instance_ContY|Count[2]       ; Merged with contador:instance_ContC|Count[2]  ;
; contador:instance_ContK|Count[1]       ; Merged with contador:instance_ContC|Count[1]  ;
; contador:instance_ContM|Count[1]       ; Merged with contador:instance_ContC|Count[1]  ;
; contador:instance_ContY|Count[1]       ; Merged with contador:instance_ContC|Count[1]  ;
; contador:instance_ContK|Count[0]       ; Merged with contador:instance_ContC|Count[0]  ;
; contador:instance_ContM|Count[0]       ; Merged with contador:instance_ContC|Count[0]  ;
; contador:instance_ContY|Count[0]       ; Merged with contador:instance_ContC|Count[0]  ;
; Total Number of Removed Registers = 48 ;                                               ;
+----------------------------------------+-----------------------------------------------+


+------------------------------------------------------+
; General Register Statistics                          ;
+----------------------------------------------+-------+
; Statistic                                    ; Value ;
+----------------------------------------------+-------+
; Total registers                              ; 64    ;
; Number of registers using Synchronous Clear  ; 0     ;
; Number of registers using Synchronous Load   ; 0     ;
; Number of registers using Asynchronous Clear ; 64    ;
; Number of registers using Asynchronous Load  ; 0     ;
; Number of registers using Clock Enable       ; 62    ;
; Number of registers using Preset             ; 0     ;
+----------------------------------------------+-------+


+----------------------------------------------------------------+
; Parameter Settings for User Entity Instance: Reg:instance_RegC ;
+----------------+-------+---------------------------------------+
; Parameter Name ; Value ; Type                                  ;
+----------------+-------+---------------------------------------+
; w              ; 8     ; Signed Integer                        ;
+----------------+-------+---------------------------------------+
Note: In order to hide this table in the UI and the text report file, please set the "Show Parameter Settings in Synthesis Report" option in "Analysis and Synthesis Settings -> More Settings" to "Off".


+------------------------------------------------------------------------+
; Parameter Settings for User Entity Instance: comparador:instance_CompC ;
+----------------+-------+-----------------------------------------------+
; Parameter Name ; Value ; Type                                          ;
+----------------+-------+-----------------------------------------------+
; data_width     ; 16    ; Signed Integer                                ;
+----------------+-------+-----------------------------------------------+
Note: In order to hide this table in the UI and the text report file, please set the "Show Parameter Settings in Synthesis Report" option in "Analysis and Synthesis Settings -> More Settings" to "Off".


+----------------------------------------------------------------+
; Parameter Settings for User Entity Instance: Reg:instance_RegM ;
+----------------+-------+---------------------------------------+
; Parameter Name ; Value ; Type                                  ;
+----------------+-------+---------------------------------------+
; w              ; 8     ; Signed Integer                        ;
+----------------+-------+---------------------------------------+
Note: In order to hide this table in the UI and the text report file, please set the "Show Parameter Settings in Synthesis Report" option in "Analysis and Synthesis Settings -> More Settings" to "Off".


+------------------------------------------------------------------------+
; Parameter Settings for User Entity Instance: comparador:instance_CompM ;
+----------------+-------+-----------------------------------------------+
; Parameter Name ; Value ; Type                                          ;
+----------------+-------+-----------------------------------------------+
; data_width     ; 16    ; Signed Integer                                ;
+----------------+-------+-----------------------------------------------+
Note: In order to hide this table in the UI and the text report file, please set the "Show Parameter Settings in Synthesis Report" option in "Analysis and Synthesis Settings -> More Settings" to "Off".


+----------------------------------------------------------------+
; Parameter Settings for User Entity Instance: Reg:instance_RegY ;
+----------------+-------+---------------------------------------+
; Parameter Name ; Value ; Type                                  ;
+----------------+-------+---------------------------------------+
; w              ; 8     ; Signed Integer                        ;
+----------------+-------+---------------------------------------+
Note: In order to hide this table in the UI and the text report file, please set the "Show Parameter Settings in Synthesis Report" option in "Analysis and Synthesis Settings -> More Settings" to "Off".


+------------------------------------------------------------------------+
; Parameter Settings for User Entity Instance: comparador:instance_CompY ;
+----------------+-------+-----------------------------------------------+
; Parameter Name ; Value ; Type                                          ;
+----------------+-------+-----------------------------------------------+
; data_width     ; 16    ; Signed Integer                                ;
+----------------+-------+-----------------------------------------------+
Note: In order to hide this table in the UI and the text report file, please set the "Show Parameter Settings in Synthesis Report" option in "Analysis and Synthesis Settings -> More Settings" to "Off".


+----------------------------------------------------------------+
; Parameter Settings for User Entity Instance: Reg:instance_RegK ;
+----------------+-------+---------------------------------------+
; Parameter Name ; Value ; Type                                  ;
+----------------+-------+---------------------------------------+
; w              ; 8     ; Signed Integer                        ;
+----------------+-------+---------------------------------------+
Note: In order to hide this table in the UI and the text report file, please set the "Show Parameter Settings in Synthesis Report" option in "Analysis and Synthesis Settings -> More Settings" to "Off".


+------------------------------------------------------------------------+
; Parameter Settings for User Entity Instance: comparador:instance_CompK ;
+----------------+-------+-----------------------------------------------+
; Parameter Name ; Value ; Type                                          ;
+----------------+-------+-----------------------------------------------+
; data_width     ; 16    ; Signed Integer                                ;
+----------------+-------+-----------------------------------------------+
Note: In order to hide this table in the UI and the text report file, please set the "Show Parameter Settings in Synthesis Report" option in "Analysis and Synthesis Settings -> More Settings" to "Off".


+--------------------------------------------------------------------------+
; Parameter Settings for User Entity Instance: comparador:instance_Compcor ;
+----------------+-------+-------------------------------------------------+
; Parameter Name ; Value ; Type                                            ;
+----------------+-------+-------------------------------------------------+
; data_width     ; 32    ; Signed Integer                                  ;
+----------------+-------+-------------------------------------------------+
Note: In order to hide this table in the UI and the text report file, please set the "Show Parameter Settings in Synthesis Report" option in "Analysis and Synthesis Settings -> More Settings" to "Off".


+----------------------------------------------------------------------------------------------+
; Parameter Settings for Inferred Entity Instance: multiplicador:instance_MultC|lpm_mult:Mult0 ;
+------------------------------------------------+------------+--------------------------------+
; Parameter Name                                 ; Value      ; Type                           ;
+------------------------------------------------+------------+--------------------------------+
; AUTO_CARRY_CHAINS                              ; ON         ; AUTO_CARRY                     ;
; IGNORE_CARRY_BUFFERS                           ; OFF        ; IGNORE_CARRY                   ;
; AUTO_CASCADE_CHAINS                            ; ON         ; AUTO_CASCADE                   ;
; IGNORE_CASCADE_BUFFERS                         ; OFF        ; IGNORE_CASCADE                 ;
; LPM_WIDTHA                                     ; 8          ; Untyped                        ;
; LPM_WIDTHB                                     ; 7          ; Untyped                        ;
; LPM_WIDTHP                                     ; 15         ; Untyped                        ;
; LPM_WIDTHR                                     ; 15         ; Untyped                        ;
; LPM_WIDTHS                                     ; 1          ; Untyped                        ;
; LPM_REPRESENTATION                             ; UNSIGNED   ; Untyped                        ;
; LPM_PIPELINE                                   ; 0          ; Untyped                        ;
; LATENCY                                        ; 0          ; Untyped                        ;
; INPUT_A_IS_CONSTANT                            ; NO         ; Untyped                        ;
; INPUT_B_IS_CONSTANT                            ; YES        ; Untyped                        ;
; USE_EAB                                        ; OFF        ; Untyped                        ;
; MAXIMIZE_SPEED                                 ; 5          ; Untyped                        ;
; DEVICE_FAMILY                                  ; Cyclone II ; Untyped                        ;
; CARRY_CHAIN                                    ; MANUAL     ; Untyped                        ;
; APEX20K_TECHNOLOGY_MAPPER                      ; LUT        ; TECH_MAPPER_APEX20K            ;
; DEDICATED_MULTIPLIER_CIRCUITRY                 ; AUTO       ; Untyped                        ;
; DEDICATED_MULTIPLIER_MIN_INPUT_WIDTH_FOR_AUTO  ; 0          ; Untyped                        ;
; DEDICATED_MULTIPLIER_MIN_OUTPUT_WIDTH_FOR_AUTO ; 0          ; Untyped                        ;
; CBXI_PARAMETER                                 ; NOTHING    ; Untyped                        ;
; INPUT_A_FIXED_VALUE                            ; Bx         ; Untyped                        ;
; INPUT_B_FIXED_VALUE                            ; Bx         ; Untyped                        ;
; USE_AHDL_IMPLEMENTATION                        ; OFF        ; Untyped                        ;
+------------------------------------------------+------------+--------------------------------+
Note: In order to hide this table in the UI and the text report file, please set the "Show Parameter Settings in Synthesis Report" option in "Analysis and Synthesis Settings -> More Settings" to "Off".


+----------------------------------------------------------------------------------------------+
; Parameter Settings for Inferred Entity Instance: multiplicador:instance_MultM|lpm_mult:Mult0 ;
+------------------------------------------------+------------+--------------------------------+
; Parameter Name                                 ; Value      ; Type                           ;
+------------------------------------------------+------------+--------------------------------+
; AUTO_CARRY_CHAINS                              ; ON         ; AUTO_CARRY                     ;
; IGNORE_CARRY_BUFFERS                           ; OFF        ; IGNORE_CARRY                   ;
; AUTO_CASCADE_CHAINS                            ; ON         ; AUTO_CASCADE                   ;
; IGNORE_CASCADE_BUFFERS                         ; OFF        ; IGNORE_CASCADE                 ;
; LPM_WIDTHA                                     ; 8          ; Untyped                        ;
; LPM_WIDTHB                                     ; 7          ; Untyped                        ;
; LPM_WIDTHP                                     ; 15         ; Untyped                        ;
; LPM_WIDTHR                                     ; 15         ; Untyped                        ;
; LPM_WIDTHS                                     ; 1          ; Untyped                        ;
; LPM_REPRESENTATION                             ; UNSIGNED   ; Untyped                        ;
; LPM_PIPELINE                                   ; 0          ; Untyped                        ;
; LATENCY                                        ; 0          ; Untyped                        ;
; INPUT_A_IS_CONSTANT                            ; NO         ; Untyped                        ;
; INPUT_B_IS_CONSTANT                            ; YES        ; Untyped                        ;
; USE_EAB                                        ; OFF        ; Untyped                        ;
; MAXIMIZE_SPEED                                 ; 5          ; Untyped                        ;
; DEVICE_FAMILY                                  ; Cyclone II ; Untyped                        ;
; CARRY_CHAIN                                    ; MANUAL     ; Untyped                        ;
; APEX20K_TECHNOLOGY_MAPPER                      ; LUT        ; TECH_MAPPER_APEX20K            ;
; DEDICATED_MULTIPLIER_CIRCUITRY                 ; AUTO       ; Untyped                        ;
; DEDICATED_MULTIPLIER_MIN_INPUT_WIDTH_FOR_AUTO  ; 0          ; Untyped                        ;
; DEDICATED_MULTIPLIER_MIN_OUTPUT_WIDTH_FOR_AUTO ; 0          ; Untyped                        ;
; CBXI_PARAMETER                                 ; NOTHING    ; Untyped                        ;
; INPUT_A_FIXED_VALUE                            ; Bx         ; Untyped                        ;
; INPUT_B_FIXED_VALUE                            ; Bx         ; Untyped                        ;
; USE_AHDL_IMPLEMENTATION                        ; OFF        ; Untyped                        ;
+------------------------------------------------+------------+--------------------------------+
Note: In order to hide this table in the UI and the text report file, please set the "Show Parameter Settings in Synthesis Report" option in "Analysis and Synthesis Settings -> More Settings" to "Off".


+----------------------------------------------------------------------------------------------+
; Parameter Settings for Inferred Entity Instance: multiplicador:instance_MultY|lpm_mult:Mult0 ;
+------------------------------------------------+------------+--------------------------------+
; Parameter Name                                 ; Value      ; Type                           ;
+------------------------------------------------+------------+--------------------------------+
; AUTO_CARRY_CHAINS                              ; ON         ; AUTO_CARRY                     ;
; IGNORE_CARRY_BUFFERS                           ; OFF        ; IGNORE_CARRY                   ;
; AUTO_CASCADE_CHAINS                            ; ON         ; AUTO_CASCADE                   ;
; IGNORE_CASCADE_BUFFERS                         ; OFF        ; IGNORE_CASCADE                 ;
; LPM_WIDTHA                                     ; 8          ; Untyped                        ;
; LPM_WIDTHB                                     ; 7          ; Untyped                        ;
; LPM_WIDTHP                                     ; 15         ; Untyped                        ;
; LPM_WIDTHR                                     ; 15         ; Untyped                        ;
; LPM_WIDTHS                                     ; 1          ; Untyped                        ;
; LPM_REPRESENTATION                             ; UNSIGNED   ; Untyped                        ;
; LPM_PIPELINE                                   ; 0          ; Untyped                        ;
; LATENCY                                        ; 0          ; Untyped                        ;
; INPUT_A_IS_CONSTANT                            ; NO         ; Untyped                        ;
; INPUT_B_IS_CONSTANT                            ; YES        ; Untyped                        ;
; USE_EAB                                        ; OFF        ; Untyped                        ;
; MAXIMIZE_SPEED                                 ; 5          ; Untyped                        ;
; DEVICE_FAMILY                                  ; Cyclone II ; Untyped                        ;
; CARRY_CHAIN                                    ; MANUAL     ; Untyped                        ;
; APEX20K_TECHNOLOGY_MAPPER                      ; LUT        ; TECH_MAPPER_APEX20K            ;
; DEDICATED_MULTIPLIER_CIRCUITRY                 ; AUTO       ; Untyped                        ;
; DEDICATED_MULTIPLIER_MIN_INPUT_WIDTH_FOR_AUTO  ; 0          ; Untyped                        ;
; DEDICATED_MULTIPLIER_MIN_OUTPUT_WIDTH_FOR_AUTO ; 0          ; Untyped                        ;
; CBXI_PARAMETER                                 ; NOTHING    ; Untyped                        ;
; INPUT_A_FIXED_VALUE                            ; Bx         ; Untyped                        ;
; INPUT_B_FIXED_VALUE                            ; Bx         ; Untyped                        ;
; USE_AHDL_IMPLEMENTATION                        ; OFF        ; Untyped                        ;
+------------------------------------------------+------------+--------------------------------+
Note: In order to hide this table in the UI and the text report file, please set the "Show Parameter Settings in Synthesis Report" option in "Analysis and Synthesis Settings -> More Settings" to "Off".


+----------------------------------------------------------------------------------------------+
; Parameter Settings for Inferred Entity Instance: multiplicador:instance_MulTK|lpm_mult:Mult0 ;
+------------------------------------------------+------------+--------------------------------+
; Parameter Name                                 ; Value      ; Type                           ;
+------------------------------------------------+------------+--------------------------------+
; AUTO_CARRY_CHAINS                              ; ON         ; AUTO_CARRY                     ;
; IGNORE_CARRY_BUFFERS                           ; OFF        ; IGNORE_CARRY                   ;
; AUTO_CASCADE_CHAINS                            ; ON         ; AUTO_CASCADE                   ;
; IGNORE_CASCADE_BUFFERS                         ; OFF        ; IGNORE_CASCADE                 ;
; LPM_WIDTHA                                     ; 8          ; Untyped                        ;
; LPM_WIDTHB                                     ; 7          ; Untyped                        ;
; LPM_WIDTHP                                     ; 15         ; Untyped                        ;
; LPM_WIDTHR                                     ; 15         ; Untyped                        ;
; LPM_WIDTHS                                     ; 1          ; Untyped                        ;
; LPM_REPRESENTATION                             ; UNSIGNED   ; Untyped                        ;
; LPM_PIPELINE                                   ; 0          ; Untyped                        ;
; LATENCY                                        ; 0          ; Untyped                        ;
; INPUT_A_IS_CONSTANT                            ; NO         ; Untyped                        ;
; INPUT_B_IS_CONSTANT                            ; YES        ; Untyped                        ;
; USE_EAB                                        ; OFF        ; Untyped                        ;
; MAXIMIZE_SPEED                                 ; 5          ; Untyped                        ;
; DEVICE_FAMILY                                  ; Cyclone II ; Untyped                        ;
; CARRY_CHAIN                                    ; MANUAL     ; Untyped                        ;
; APEX20K_TECHNOLOGY_MAPPER                      ; LUT        ; TECH_MAPPER_APEX20K            ;
; DEDICATED_MULTIPLIER_CIRCUITRY                 ; AUTO       ; Untyped                        ;
; DEDICATED_MULTIPLIER_MIN_INPUT_WIDTH_FOR_AUTO  ; 0          ; Untyped                        ;
; DEDICATED_MULTIPLIER_MIN_OUTPUT_WIDTH_FOR_AUTO ; 0          ; Untyped                        ;
; CBXI_PARAMETER                                 ; NOTHING    ; Untyped                        ;
; INPUT_A_FIXED_VALUE                            ; Bx         ; Untyped                        ;
; INPUT_B_FIXED_VALUE                            ; Bx         ; Untyped                        ;
; USE_AHDL_IMPLEMENTATION                        ; OFF        ; Untyped                        ;
+------------------------------------------------+------------+--------------------------------+
Note: In order to hide this table in the UI and the text report file, please set the "Show Parameter Settings in Synthesis Report" option in "Analysis and Synthesis Settings -> More Settings" to "Off".


+-------------------------------------------------------------------------------------+
; lpm_mult Parameter Settings by Entity Instance                                      ;
+---------------------------------------+---------------------------------------------+
; Name                                  ; Value                                       ;
+---------------------------------------+---------------------------------------------+
; Number of entity instances            ; 4                                           ;
; Entity Instance                       ; multiplicador:instance_MultC|lpm_mult:Mult0 ;
;     -- LPM_WIDTHA                     ; 8                                           ;
;     -- LPM_WIDTHB                     ; 7                                           ;
;     -- LPM_WIDTHP                     ; 15                                          ;
;     -- LPM_REPRESENTATION             ; UNSIGNED                                    ;
;     -- INPUT_A_IS_CONSTANT            ; NO                                          ;
;     -- INPUT_B_IS_CONSTANT            ; YES                                         ;
;     -- USE_EAB                        ; OFF                                         ;
;     -- DEDICATED_MULTIPLIER_CIRCUITRY ; AUTO                                        ;
;     -- INPUT_A_FIXED_VALUE            ; Bx                                          ;
;     -- INPUT_B_FIXED_VALUE            ; Bx                                          ;
; Entity Instance                       ; multiplicador:instance_MultM|lpm_mult:Mult0 ;
;     -- LPM_WIDTHA                     ; 8                                           ;
;     -- LPM_WIDTHB                     ; 7                                           ;
;     -- LPM_WIDTHP                     ; 15                                          ;
;     -- LPM_REPRESENTATION             ; UNSIGNED                                    ;
;     -- INPUT_A_IS_CONSTANT            ; NO                                          ;
;     -- INPUT_B_IS_CONSTANT            ; YES                                         ;
;     -- USE_EAB                        ; OFF                                         ;
;     -- DEDICATED_MULTIPLIER_CIRCUITRY ; AUTO                                        ;
;     -- INPUT_A_FIXED_VALUE            ; Bx                                          ;
;     -- INPUT_B_FIXED_VALUE            ; Bx                                          ;
; Entity Instance                       ; multiplicador:instance_MultY|lpm_mult:Mult0 ;
;     -- LPM_WIDTHA                     ; 8                                           ;
;     -- LPM_WIDTHB                     ; 7                                           ;
;     -- LPM_WIDTHP                     ; 15                                          ;
;     -- LPM_REPRESENTATION             ; UNSIGNED                                    ;
;     -- INPUT_A_IS_CONSTANT            ; NO                                          ;
;     -- INPUT_B_IS_CONSTANT            ; YES                                         ;
;     -- USE_EAB                        ; OFF                                         ;
;     -- DEDICATED_MULTIPLIER_CIRCUITRY ; AUTO                                        ;
;     -- INPUT_A_FIXED_VALUE            ; Bx                                          ;
;     -- INPUT_B_FIXED_VALUE            ; Bx                                          ;
; Entity Instance                       ; multiplicador:instance_MulTK|lpm_mult:Mult0 ;
;     -- LPM_WIDTHA                     ; 8                                           ;
;     -- LPM_WIDTHB                     ; 7                                           ;
;     -- LPM_WIDTHP                     ; 15                                          ;
;     -- LPM_REPRESENTATION             ; UNSIGNED                                    ;
;     -- INPUT_A_IS_CONSTANT            ; NO                                          ;
;     -- INPUT_B_IS_CONSTANT            ; YES                                         ;
;     -- USE_EAB                        ; OFF                                         ;
;     -- DEDICATED_MULTIPLIER_CIRCUITRY ; AUTO                                        ;
;     -- INPUT_A_FIXED_VALUE            ; Bx                                          ;
;     -- INPUT_B_FIXED_VALUE            ; Bx                                          ;
+---------------------------------------+---------------------------------------------+


+-----------------------------------------------------------------------------------------------------------------+
; Port Connectivity Checks: "comparador:instance_Compcor"                                                         ;
+-------+--------+----------+-------------------------------------------------------------------------------------+
; Port  ; Type   ; Severity ; Details                                                                             ;
+-------+--------+----------+-------------------------------------------------------------------------------------+
; maior ; Output ; Info     ; Connected to dangling logic. Logic that only feeds a dangling port will be removed. ;
; menor ; Output ; Info     ; Connected to dangling logic. Logic that only feeds a dangling port will be removed. ;
+-------+--------+----------+-------------------------------------------------------------------------------------+


+-----------------------------------------------------------------------------------------------------------------+
; Port Connectivity Checks: "comparador:instance_CompK"                                                           ;
+-------+--------+----------+-------------------------------------------------------------------------------------+
; Port  ; Type   ; Severity ; Details                                                                             ;
+-------+--------+----------+-------------------------------------------------------------------------------------+
; maior ; Output ; Info     ; Connected to dangling logic. Logic that only feeds a dangling port will be removed. ;
; igual ; Output ; Info     ; Connected to dangling logic. Logic that only feeds a dangling port will be removed. ;
+-------+--------+----------+-------------------------------------------------------------------------------------+


+-----------------------------------------------------------------------------------------------------------------+
; Port Connectivity Checks: "comparador:instance_CompY"                                                           ;
+-------+--------+----------+-------------------------------------------------------------------------------------+
; Port  ; Type   ; Severity ; Details                                                                             ;
+-------+--------+----------+-------------------------------------------------------------------------------------+
; maior ; Output ; Info     ; Connected to dangling logic. Logic that only feeds a dangling port will be removed. ;
; igual ; Output ; Info     ; Connected to dangling logic. Logic that only feeds a dangling port will be removed. ;
+-------+--------+----------+-------------------------------------------------------------------------------------+


+-----------------------------------------------------------------------------------------------------------------+
; Port Connectivity Checks: "comparador:instance_CompM"                                                           ;
+-------+--------+----------+-------------------------------------------------------------------------------------+
; Port  ; Type   ; Severity ; Details                                                                             ;
+-------+--------+----------+-------------------------------------------------------------------------------------+
; maior ; Output ; Info     ; Connected to dangling logic. Logic that only feeds a dangling port will be removed. ;
; igual ; Output ; Info     ; Connected to dangling logic. Logic that only feeds a dangling port will be removed. ;
+-------+--------+----------+-------------------------------------------------------------------------------------+


+-----------------------------------------------------------------------------------------------------------------+
; Port Connectivity Checks: "comparador:instance_CompC"                                                           ;
+-------+--------+----------+-------------------------------------------------------------------------------------+
; Port  ; Type   ; Severity ; Details                                                                             ;
+-------+--------+----------+-------------------------------------------------------------------------------------+
; maior ; Output ; Info     ; Connected to dangling logic. Logic that only feeds a dangling port will be removed. ;
; igual ; Output ; Info     ; Connected to dangling logic. Logic that only feeds a dangling port will be removed. ;
+-------+--------+----------+-------------------------------------------------------------------------------------+


+-------------------------------+
; Elapsed Time Per Partition    ;
+----------------+--------------+
; Partition Name ; Elapsed Time ;
+----------------+--------------+
; Top            ; 00:00:04     ;
+----------------+--------------+


+-------------------------------+
; Analysis & Synthesis Messages ;
+-------------------------------+
Info: *******************************************************************
Info: Running Quartus II 64-Bit Analysis & Synthesis
    Info: Version 13.0.1 Build 232 06/12/2013 Service Pack 1 SJ Web Edition
    Info: Processing started: Sat Nov 25 15:01:59 2023
Info: Command: quartus_map --read_settings_files=on --write_settings_files=off CaminhoDados -c CaminhoDados
Warning (20028): Parallel compilation is not licensed and has been disabled
Info (12021): Found 2 design units, including 1 entities, in source file /users/lhenr/onedrive/documentos/ufmg/lsd/trabalho/contador/contador.vhd
    Info (12022): Found design unit 1: contador-Behavior
    Info (12023): Found entity 1: contador
Info (12021): Found 2 design units, including 1 entities, in source file /users/lhenr/onedrive/documentos/ufmg/lsd/trabalho/compmist/compmist.vhd
    Info (12022): Found design unit 1: CompMist-comp
    Info (12023): Found entity 1: CompMist
Info (12021): Found 2 design units, including 1 entities, in source file /users/lhenr/onedrive/documentos/ufmg/lsd/trabalho/registrador/reg.vhd
    Info (12022): Found design unit 1: Reg-RTL
    Info (12023): Found entity 1: Reg
Info (12021): Found 2 design units, including 1 entities, in source file /users/lhenr/onedrive/documentos/ufmg/lsd/trabalho/multiplicador/multiplicador.vhd
    Info (12022): Found design unit 1: multiplicador-Behavioral
    Info (12023): Found entity 1: multiplicador
Info (12021): Found 2 design units, including 1 entities, in source file /users/lhenr/onedrive/documentos/ufmg/lsd/trabalho/comparador/comparador.vhd
    Info (12022): Found design unit 1: comparador-comp
    Info (12023): Found entity 1: comparador
Info (12021): Found 2 design units, including 1 entities, in source file /users/lhenr/onedrive/documentos/ufmg/lsd/trabalho/codvalido/codvalido.vhd
    Info (12022): Found design unit 1: CodValido-codvalid
    Info (12023): Found entity 1: CodValido
Info (12021): Found 2 design units, including 1 entities, in source file caminhodados.vhd
    Info (12022): Found design unit 1: CaminhoDados-dados
    Info (12023): Found entity 1: CaminhoDados
Info (12127): Elaborating entity "CaminhoDados" for the top level hierarchy
Info (12128): Elaborating entity "Reg" for hierarchy "Reg:instance_RegC"
Info (12128): Elaborating entity "multiplicador" for hierarchy "multiplicador:instance_MultC"
Info (12128): Elaborating entity "contador" for hierarchy "contador:instance_ContC"
Info (12128): Elaborating entity "comparador" for hierarchy "comparador:instance_CompC"
Info (12128): Elaborating entity "CodValido" for hierarchy "CodValido:instance_CodValid"
Info (12128): Elaborating entity "comparador" for hierarchy "comparador:instance_Compcor"
Info (12128): Elaborating entity "CompMist" for hierarchy "CompMist:instance_compmist"
Info (278001): Inferred 4 megafunctions from design logic
    Info (278003): Inferred multiplier megafunction ("lpm_mult") from the following logic: "multiplicador:instance_MultC|Mult0"
    Info (278003): Inferred multiplier megafunction ("lpm_mult") from the following logic: "multiplicador:instance_MultM|Mult0"
    Info (278003): Inferred multiplier megafunction ("lpm_mult") from the following logic: "multiplicador:instance_MultY|Mult0"
    Info (278003): Inferred multiplier megafunction ("lpm_mult") from the following logic: "multiplicador:instance_MulTK|Mult0"
Info (12130): Elaborated megafunction instantiation "multiplicador:instance_MultC|lpm_mult:Mult0"
Info (12133): Instantiated megafunction "multiplicador:instance_MultC|lpm_mult:Mult0" with the following parameter:
    Info (12134): Parameter "LPM_WIDTHA" = "8"
    Info (12134): Parameter "LPM_WIDTHB" = "7"
    Info (12134): Parameter "LPM_WIDTHP" = "15"
    Info (12134): Parameter "LPM_WIDTHR" = "15"
    Info (12134): Parameter "LPM_WIDTHS" = "1"
    Info (12134): Parameter "LPM_REPRESENTATION" = "UNSIGNED"
    Info (12134): Parameter "INPUT_A_IS_CONSTANT" = "NO"
    Info (12134): Parameter "INPUT_B_IS_CONSTANT" = "YES"
    Info (12134): Parameter "MAXIMIZE_SPEED" = "5"
Info (12131): Elaborated megafunction instantiation "multiplicador:instance_MultC|lpm_mult:Mult0|multcore:mult_core", which is child of megafunction instantiation "multiplicador:instance_MultC|lpm_mult:Mult0"
Info (12131): Elaborated megafunction instantiation "multiplicador:instance_MultC|lpm_mult:Mult0|multcore:mult_core|mpar_add:padder", which is child of megafunction instantiation "multiplicador:instance_MultC|lpm_mult:Mult0"
Info (12131): Elaborated megafunction instantiation "multiplicador:instance_MultC|lpm_mult:Mult0|multcore:mult_core|mpar_add:padder|lpm_add_sub:adder[0]", which is child of megafunction instantiation "multiplicador:instance_MultC|lpm_mult:Mult0"
Info (12021): Found 1 design units, including 1 entities, in source file db/add_sub_2ch.tdf
    Info (12023): Found entity 1: add_sub_2ch
Info (12131): Elaborated megafunction instantiation "multiplicador:instance_MultC|lpm_mult:Mult0|altshift:external_latency_ffs", which is child of megafunction instantiation "multiplicador:instance_MultC|lpm_mult:Mult0"
Info (16010): Generating hard_block partition "hard_block:auto_generated_inst"
    Info (16011): Adding 0 node(s), including 0 DDIO, 0 PLL, 0 transceiver and 0 LCELL
Warning (21074): Design contains 32 input pin(s) that do not drive logic
    Warning (15610): No output dependent on input pin "Codigo_cor_misturada[0]"
    Warning (15610): No output dependent on input pin "Codigo_cor_misturada[1]"
    Warning (15610): No output dependent on input pin "Codigo_cor_misturada[2]"
    Warning (15610): No output dependent on input pin "Codigo_cor_misturada[3]"
    Warning (15610): No output dependent on input pin "Codigo_cor_misturada[4]"
    Warning (15610): No output dependent on input pin "Codigo_cor_misturada[5]"
    Warning (15610): No output dependent on input pin "Codigo_cor_misturada[6]"
    Warning (15610): No output dependent on input pin "Codigo_cor_misturada[7]"
    Warning (15610): No output dependent on input pin "Codigo_cor_misturada[8]"
    Warning (15610): No output dependent on input pin "Codigo_cor_misturada[9]"
    Warning (15610): No output dependent on input pin "Codigo_cor_misturada[10]"
    Warning (15610): No output dependent on input pin "Codigo_cor_misturada[11]"
    Warning (15610): No output dependent on input pin "Codigo_cor_misturada[12]"
    Warning (15610): No output dependent on input pin "Codigo_cor_misturada[13]"
    Warning (15610): No output dependent on input pin "Codigo_cor_misturada[14]"
    Warning (15610): No output dependent on input pin "Codigo_cor_misturada[15]"
    Warning (15610): No output dependent on input pin "Codigo_cor_misturada[16]"
    Warning (15610): No output dependent on input pin "Codigo_cor_misturada[17]"
    Warning (15610): No output dependent on input pin "Codigo_cor_misturada[18]"
    Warning (15610): No output dependent on input pin "Codigo_cor_misturada[19]"
    Warning (15610): No output dependent on input pin "Codigo_cor_misturada[20]"
    Warning (15610): No output dependent on input pin "Codigo_cor_misturada[21]"
    Warning (15610): No output dependent on input pin "Codigo_cor_misturada[22]"
    Warning (15610): No output dependent on input pin "Codigo_cor_misturada[23]"
    Warning (15610): No output dependent on input pin "Codigo_cor_misturada[24]"
    Warning (15610): No output dependent on input pin "Codigo_cor_misturada[25]"
    Warning (15610): No output dependent on input pin "Codigo_cor_misturada[26]"
    Warning (15610): No output dependent on input pin "Codigo_cor_misturada[27]"
    Warning (15610): No output dependent on input pin "Codigo_cor_misturada[28]"
    Warning (15610): No output dependent on input pin "Codigo_cor_misturada[29]"
    Warning (15610): No output dependent on input pin "Codigo_cor_misturada[30]"
    Warning (15610): No output dependent on input pin "Codigo_cor_misturada[31]"
Info (21057): Implemented 350 device resources after synthesis - the final resource count might be different
    Info (21058): Implemented 101 input pins
    Info (21059): Implemented 4 output pins
    Info (21061): Implemented 245 logic cells
Info: Quartus II 64-Bit Analysis & Synthesis was successful. 0 errors, 34 warnings
    Info: Peak virtual memory: 4648 megabytes
    Info: Processing ended: Sat Nov 25 15:02:07 2023
    Info: Elapsed time: 00:00:08
    Info: Total CPU time (on all processors): 00:00:04


